Archive member included to satisfy reference by file (symbol)

/home/arashamf/soft/ARM_toolchains/gcc-arm-none-eabi-10.3-2021.10/bin/../lib/gcc/arm-none-eabi/10.3.1/../../../../arm-none-eabi/lib/thumb/v7e-m/nofp/libc_nano.a(lib_a-exit.o)
                              /home/arashamf/soft/ARM_toolchains/gcc-arm-none-eabi-10.3-2021.10/bin/../lib/gcc/arm-none-eabi/10.3.1/../../../../arm-none-eabi/lib/thumb/v7e-m/nofp/crt0.o (exit)
/home/arashamf/soft/ARM_toolchains/gcc-arm-none-eabi-10.3-2021.10/bin/../lib/gcc/arm-none-eabi/10.3.1/../../../../arm-none-eabi/lib/thumb/v7e-m/nofp/libc_nano.a(lib_a-impure.o)
                              /home/arashamf/soft/ARM_toolchains/gcc-arm-none-eabi-10.3-2021.10/bin/../lib/gcc/arm-none-eabi/10.3.1/../../../../arm-none-eabi/lib/thumb/v7e-m/nofp/libc_nano.a(lib_a-exit.o) (_global_impure_ptr)
/home/arashamf/soft/ARM_toolchains/gcc-arm-none-eabi-10.3-2021.10/bin/../lib/gcc/arm-none-eabi/10.3.1/../../../../arm-none-eabi/lib/thumb/v7e-m/nofp/libc_nano.a(lib_a-init.o)
                              /home/arashamf/soft/ARM_toolchains/gcc-arm-none-eabi-10.3-2021.10/bin/../lib/gcc/arm-none-eabi/10.3.1/../../../../arm-none-eabi/lib/thumb/v7e-m/nofp/crt0.o (__libc_init_array)
/home/arashamf/soft/ARM_toolchains/gcc-arm-none-eabi-10.3-2021.10/bin/../lib/gcc/arm-none-eabi/10.3.1/../../../../arm-none-eabi/lib/thumb/v7e-m/nofp/libc_nano.a(lib_a-memset.o)
                              /home/arashamf/soft/ARM_toolchains/gcc-arm-none-eabi-10.3-2021.10/bin/../lib/gcc/arm-none-eabi/10.3.1/../../../../arm-none-eabi/lib/thumb/v7e-m/nofp/crt0.o (memset)
/home/arashamf/soft/ARM_toolchains/gcc-arm-none-eabi-10.3-2021.10/bin/../lib/gcc/arm-none-eabi/10.3.1/../../../../arm-none-eabi/lib/thumb/v7e-m/nofp/libc_nano.a(lib_a-nano-vfprintf_float.o)
                              (_printf_float)
/home/arashamf/soft/ARM_toolchains/gcc-arm-none-eabi-10.3-2021.10/bin/../lib/gcc/arm-none-eabi/10.3.1/../../../../arm-none-eabi/lib/thumb/v7e-m/nofp/libc_nano.a(lib_a-nano-vfprintf_i.o)
                              /home/arashamf/soft/ARM_toolchains/gcc-arm-none-eabi-10.3-2021.10/bin/../lib/gcc/arm-none-eabi/10.3.1/../../../../arm-none-eabi/lib/thumb/v7e-m/nofp/libc_nano.a(lib_a-nano-vfprintf_float.o) (_printf_common)
/home/arashamf/soft/ARM_toolchains/gcc-arm-none-eabi-10.3-2021.10/bin/../lib/gcc/arm-none-eabi/10.3.1/../../../../arm-none-eabi/lib/thumb/v7e-m/nofp/libc_nano.a(lib_a-snprintf.o)
                              build/main.o (snprintf)
/home/arashamf/soft/ARM_toolchains/gcc-arm-none-eabi-10.3-2021.10/bin/../lib/gcc/arm-none-eabi/10.3.1/../../../../arm-none-eabi/lib/thumb/v7e-m/nofp/libc_nano.a(lib_a-sprintf.o)
                              build/OLED.o (sprintf)
/home/arashamf/soft/ARM_toolchains/gcc-arm-none-eabi-10.3-2021.10/bin/../lib/gcc/arm-none-eabi/10.3.1/../../../../arm-none-eabi/lib/thumb/v7e-m/nofp/libc_nano.a(lib_a-strlen.o)
                              build/OLED.o (strlen)
/home/arashamf/soft/ARM_toolchains/gcc-arm-none-eabi-10.3-2021.10/bin/../lib/gcc/arm-none-eabi/10.3.1/../../../../arm-none-eabi/lib/thumb/v7e-m/nofp/libc_nano.a(lib_a-dtoa.o)
                              /home/arashamf/soft/ARM_toolchains/gcc-arm-none-eabi-10.3-2021.10/bin/../lib/gcc/arm-none-eabi/10.3.1/../../../../arm-none-eabi/lib/thumb/v7e-m/nofp/libc_nano.a(lib_a-nano-vfprintf_float.o) (_dtoa_r)
/home/arashamf/soft/ARM_toolchains/gcc-arm-none-eabi-10.3-2021.10/bin/../lib/gcc/arm-none-eabi/10.3.1/../../../../arm-none-eabi/lib/thumb/v7e-m/nofp/libc_nano.a(lib_a-localeconv.o)
                              /home/arashamf/soft/ARM_toolchains/gcc-arm-none-eabi-10.3-2021.10/bin/../lib/gcc/arm-none-eabi/10.3.1/../../../../arm-none-eabi/lib/thumb/v7e-m/nofp/libc_nano.a(lib_a-nano-vfprintf_float.o) (_localeconv_r)
/home/arashamf/soft/ARM_toolchains/gcc-arm-none-eabi-10.3-2021.10/bin/../lib/gcc/arm-none-eabi/10.3.1/../../../../arm-none-eabi/lib/thumb/v7e-m/nofp/libc_nano.a(lib_a-malloc.o)
                              /home/arashamf/soft/ARM_toolchains/gcc-arm-none-eabi-10.3-2021.10/bin/../lib/gcc/arm-none-eabi/10.3.1/../../../../arm-none-eabi/lib/thumb/v7e-m/nofp/libc_nano.a(lib_a-dtoa.o) (malloc)
/home/arashamf/soft/ARM_toolchains/gcc-arm-none-eabi-10.3-2021.10/bin/../lib/gcc/arm-none-eabi/10.3.1/../../../../arm-none-eabi/lib/thumb/v7e-m/nofp/libc_nano.a(lib_a-memchr.o)
                              /home/arashamf/soft/ARM_toolchains/gcc-arm-none-eabi-10.3-2021.10/bin/../lib/gcc/arm-none-eabi/10.3.1/../../../../arm-none-eabi/lib/thumb/v7e-m/nofp/libc_nano.a(lib_a-nano-vfprintf_i.o) (memchr)
/home/arashamf/soft/ARM_toolchains/gcc-arm-none-eabi-10.3-2021.10/bin/../lib/gcc/arm-none-eabi/10.3.1/../../../../arm-none-eabi/lib/thumb/v7e-m/nofp/libc_nano.a(lib_a-memcpy-stub.o)
                              /home/arashamf/soft/ARM_toolchains/gcc-arm-none-eabi-10.3-2021.10/bin/../lib/gcc/arm-none-eabi/10.3.1/../../../../arm-none-eabi/lib/thumb/v7e-m/nofp/libc_nano.a(lib_a-dtoa.o) (memcpy)
[...]
Memory Configuration

Name             Origin             Length             Attributes
FLASH            0x0000000008000000 0x0000000000040000 xr
RAM              0x0000000020000000 0x000000000000c000 xrw
*default*        0x0000000000000000 0xffffffffffffffff

Linker script and memory map

LOAD /home/arashamf/soft/ARM_toolchains/gcc-arm-none-eabi-10.3-2021.10/bin/../lib/gcc/arm-none-eabi/10.3.1/thumb/v7e-m/nofp/crti.o
LOAD /home/arashamf/soft/ARM_toolchains/gcc-arm-none-eabi-10.3-2021.10/bin/../lib/gcc/arm-none-eabi/10.3.1/thumb/v7e-m/nofp/crtbegin.o
LOAD /home/arashamf/soft/ARM_toolchains/gcc-arm-none-eabi-10.3-2021.10/bin/../lib/gcc/arm-none-eabi/10.3.1/../../../../arm-none-eabi/lib/thumb/v7e-m/nofp/crt0.o
LOAD build/gd32f30x_it.o
LOAD build/gpio.o
LOAD build/main.o
LOAD build/systick.o
LOAD build/usart.o
LOAD build/spi.o
LOAD build/i2c.o
LOAD build/encoder.o
LOAD build/tim.o
LOAD build/OLED.o
LOAD build/OLED_Fonts.o
LOAD build/OLED_Icons.o
LOAD build/gd32f30x_adc.o
LOAD build/gd32f30x_bkp.o
LOAD build/gd32f30x_can.o
LOAD build/gd32f30x_crc.o
LOAD build/gd32f30x_ctc.o
LOAD build/gd32f30x_dac.o
LOAD build/gd32f30x_dbg.o
LOAD build/gd32f30x_dma.o
LOAD build/gd32f30x_enet.o
LOAD build/gd32f30x_exmc.o
LOAD build/gd32f30x_exti.o
LOAD build/gd32f30x_fmc.o
LOAD build/gd32f30x_fwdgt.o
LOAD build/gd32f30x_gpio.o
LOAD build/gd32f30x_i2c.o
LOAD build/gd32f30x_misc.o
LOAD build/gd32f30x_pmu.o
LOAD build/gd32f30x_rcu.o
LOAD build/gd32f30x_rtc.o
LOAD build/gd32f30x_sdio.o
LOAD build/gd32f30x_spi.o
LOAD build/gd32f30x_timer.o
LOAD build/gd32f30x_usart.o
LOAD build/gd32f30x_wwdgt.o
LOAD build/system_gd32f30x.o
LOAD build/startup_gd32f303x_hd.o
LOAD /home/arashamf/soft/ARM_toolchains/gcc-arm-none-eabi-10.3-2021.10/bin/../lib/gcc/arm-none-eabi/10.3.1/../../../../arm-none-eabi/lib/thumb/v7e-m/nofp/libc_nano.a
LOAD /home/arashamf/soft/ARM_toolchains/gcc-arm-none-eabi-10.3-2021.10/bin/../lib/gcc/arm-none-eabi/10.3.1/../../../../arm-none-eabi/lib/thumb/v7e-m/nofp/libm.a
LOAD /home/arashamf/soft/ARM_toolchains/gcc-arm-none-eabi-10.3-2021.10/bin/../lib/gcc/arm-none-eabi/10.3.1/../../../../arm-none-eabi/lib/thumb/v7e-m/nofp/libnosys.a
START GROUP
LOAD /home/arashamf/soft/ARM_toolchains/gcc-arm-none-eabi-10.3-2021.10/bin/../lib/gcc/arm-none-eabi/10.3.1/thumb/v7e-m/nofp/libgcc.a
LOAD /home/arashamf/soft/ARM_toolchains/gcc-arm-none-eabi-10.3-2021.10/bin/../lib/gcc/arm-none-eabi/10.3.1/../../../../arm-none-eabi/lib/thumb/v7e-m/nofp/libc_nano.a
END GROUP
START GROUP
LOAD /home/arashamf/soft/ARM_toolchains/gcc-arm-none-eabi-10.3-2021.10/bin/../lib/gcc/arm-none-eabi/10.3.1/thumb/v7e-m/nofp/libgcc.a
LOAD /home/arashamf/soft/ARM_toolchains/gcc-arm-none-eabi-10.3-2021.10/bin/../lib/gcc/arm-none-eabi/10.3.1/../../../../arm-none-eabi/lib/thumb/v7e-m/nofp/libc_nano.a
END GROUP
LOAD /home/arashamf/soft/ARM_toolchains/gcc-arm-none-eabi-10.3-2021.10/bin/../lib/gcc/arm-none-eabi/10.3.1/thumb/v7e-m/nofp/crtend.o
LOAD /home/arashamf/soft/ARM_toolchains/gcc-arm-none-eabi-10.3-2021.10/bin/../lib/gcc/arm-none-eabi/10.3.1/thumb/v7e-m/nofp/crtn.o
                0x000000002000c000                _estack = 0x2000c000
                0x0000000000000200                _Min_Heap_Size = 0x200
                0x0000000000000400                _Min_Stack_Size = 0x400

.isr_vector     0x0000000008000000      0x130
                0x0000000008000000                . = ALIGN (0x4)
 *(.isr_vector)
 .isr_vector    0x0000000008000000      0x130 build/startup_gd32f303x_hd.o
                0x0000000008000000                g_pfnVectors
                0x0000000008000130                . = ALIGN (0x4)

.text           0x0000000008000130     0x4f58
                0x0000000008000130                . = ALIGN (0x4)
 *(.text)
 .text          0x0000000008000130       0x40 /home/arashamf/soft/ARM_toolchains/gcc-arm-none-eabi-10.3-2021.10/bin/../lib/gcc/arm-none-eabi/10.3.1/thumb/v7e-m/nofp/crtbegin.o
 .text          0x0000000008000170       0x10 /home/arashamf/soft/ARM_toolchains/gcc-arm-none-eabi-10.3-2021.10/bin/../lib/gcc/arm-none-eabi/10.3.1/../../../../arm-none-eabi/lib/thumb/v7e-m/nofp/libc_nano.a(lib_a-strlen.o)
                0x0000000008000170                strlen
 .text          0x0000000008000180       0xa0 /home/arashamf/soft/ARM_toolchains/gcc-arm-none-eabi-10.3-2021.10/bin/../lib/gcc/arm-none-eabi/10.3.1/../../../../arm-none-eabi/lib/thumb/v7e-m/nofp/libc_nano.a(lib_a-memchr.o)
                0x0000000008000180                memchr
 .text          0x0000000008000220      0x378 /home/arashamf/soft/ARM_toolchains/gcc-arm-none-eabi-10.3-2021.10/bin/../lib/gcc/arm-none-eabi/10.3.1/thumb/v7e-m/nofp/libgcc.a(_arm_addsubdf3.o)
                0x0000000008000220                __aeabi_drsub
                0x0000000008000228                __aeabi_dsub
                0x0000000008000228                __subdf3
                0x000000000800022c                __adddf3
                0x000000000800022c                __aeabi_dadd
                0x00000000080004a4                __aeabi_ui2d
                0x00000000080004a4                __floatunsidf
                0x00000000080004c4                __floatsidf
                0x00000000080004c4                __aeabi_i2d
                0x00000000080004e8                __extendsfdf2
                0x00000000080004e8                __aeabi_f2d
                0x000000000800052c                __aeabi_ul2d
                0x000000000800052c                __floatundidf
                0x000000000800053c                __floatdidf
                0x000000000800053c                __aeabi_l2d
 .text          0x0000000008000598      0x424 /home/arashamf/soft/ARM_toolchains/gcc-arm-none-eabi-10.3-2021.10/bin/../lib/gcc/arm-none-eabi/10.3.1/thumb/v7e-m/nofp/libgcc.a(_arm_muldivdf3.o)
                0x0000000008000598                __aeabi_dmul
                0x0000000008000598                __muldf3
                0x00000000080007ec                __aeabi_ddiv
                0x00000000080007ec                __divdf3
 .text          0x00000000080009bc      0x110 /home/arashamf/soft/ARM_toolchains/gcc-arm-none-eabi-10.3-2021.10/bin/../lib/gcc/arm-none-eabi/10.3.1/thumb/v7e-m/nofp/libgcc.a(_arm_cmpdf2.o)
                0x00000000080009bc                __gtdf2
                0x00000000080009bc                __gedf2
                0x00000000080009c4                __ltdf2
                0x00000000080009c4                __ledf2
                0x00000000080009cc                __cmpdf2
                0x00000000080009cc                __eqdf2
                0x00000000080009cc                __nedf2
                0x0000000008000a48                __aeabi_cdrcmple
                0x0000000008000a58                __aeabi_cdcmple
                0x0000000008000a58                __aeabi_cdcmpeq
                0x0000000008000a68                __aeabi_dcmpeq
                0x0000000008000a7c                __aeabi_dcmplt
                0x0000000008000a90                __aeabi_dcmple
                0x0000000008000aa4                __aeabi_dcmpge
                0x0000000008000ab8                __aeabi_dcmpgt
 .text          0x0000000008000acc       0x2c /home/arashamf/soft/ARM_toolchains/gcc-arm-none-eabi-10.3-2021.10/bin/../lib/gcc/arm-none-eabi/10.3.1/thumb/v7e-m/nofp/libgcc.a(_arm_unorddf2.o)
                0x0000000008000acc                __aeabi_dcmpun
                0x0000000008000acc                __unorddf2
 .text          0x0000000008000af8       0x50 /home/arashamf/soft/ARM_toolchains/gcc-arm-none-eabi-10.3-2021.10/bin/../lib/gcc/arm-none-eabi/10.3.1/thumb/v7e-m/nofp/libgcc.a(_arm_fixdfsi.o)
                0x0000000008000af8                __fixdfsi
                0x0000000008000af8                __aeabi_d2iz
 *(.text*)
 .text.NMI_Handler
                0x0000000008000b48        0x2 build/gd32f30x_it.o
                0x0000000008000b48                NMI_Handler
 .text.HardFault_Handler
                0x0000000008000b4a        0x2 build/gd32f30x_it.o
                0x0000000008000b4a                HardFault_Handler
 .text.MemManage_Handler
                0x0000000008000b4c        0x2 build/gd32f30x_it.o
                0x0000000008000b4c                MemManage_Handler
 .text.BusFault_Handler
                0x0000000008000b4e        0x2 build/gd32f30x_it.o
                0x0000000008000b4e                BusFault_Handler
 .text.UsageFault_Handler
                0x0000000008000b50        0x2 build/gd32f30x_it.o
                0x0000000008000b50                UsageFault_Handler
 .text.SVC_Handler
                0x0000000008000b52        0x2 build/gd32f30x_it.o
                0x0000000008000b52                SVC_Handler
 .text.DebugMon_Handler
                0x0000000008000b54        0x2 build/gd32f30x_it.o
                0x0000000008000b54                DebugMon_Handler
 .text.PendSV_Handler
                0x0000000008000b56        0x2 build/gd32f30x_it.o
                0x0000000008000b56                PendSV_Handler
 .text.SysTick_Handler
                0x0000000008000b58        0x8 build/gd32f30x_it.o
                0x0000000008000b58                SysTick_Handler
 .text.TIMER6_IRQHandler
                0x0000000008000b60        0x8 build/gd32f30x_it.o
                0x0000000008000b60                TIMER6_IRQHandler
 .text.DMA0_Channel2_IRQHandler
                0x0000000008000b68       0x24 build/gd32f30x_it.o
                0x0000000008000b68                DMA0_Channel2_IRQHandler
 .text.SPI0_gpio_init
                0x0000000008000b8c       0x60 build/gpio.o
                0x0000000008000b8c                SPI0_gpio_init
 .text.ENC_gpio_init
                0x0000000008000bec       0x1c build/gpio.o
                0x0000000008000bec                ENC_gpio_init
 .text.gpio_config
                0x0000000008000c08       0x50 build/gpio.o
                0x0000000008000c08                gpio_config
 .text.usart0_gpio_init
                0x0000000008000c58       0x38 build/gpio.o
                0x0000000008000c58                usart0_gpio_init
 .text.main     0x0000000008000c90       0xac build/main.o
                0x0000000008000c90                main
 .text._read    0x0000000008000d3c       0x2c build/main.o
                0x0000000008000d3c                _read
 .text._sbrk    0x0000000008000d68       0x24 build/main.o
                0x0000000008000d68                _sbrk
 .text._close   0x0000000008000d8c        0x6 build/main.o
                0x0000000008000d8c                _close
 .text._fstat   0x0000000008000d92        0x4 build/main.o
                0x0000000008000d92                _fstat
 .text._isatty  0x0000000008000d96        0x4 build/main.o
                0x0000000008000d96                _isatty
 .text._lseek   0x0000000008000d9a        0x4 build/main.o
                0x0000000008000d9a                _lseek
 .text.abort    0x0000000008000d9e        0x2 build/main.o
                0x0000000008000d9e                abort
 .text.systick_config
                0x0000000008000da0       0x40 build/systick.o
                0x0000000008000da0                systick_config
 .text.delay_1ms
                0x0000000008000de0       0x14 build/systick.o
                0x0000000008000de0                delay_1ms
 .text.delay_decrement
                0x0000000008000df4       0x14 build/systick.o
                0x0000000008000df4                delay_decrement
 .text._write   0x0000000008000e08       0x2c build/usart.o
                0x0000000008000e08                _write
 .text.usart0_config
                0x0000000008000e34       0x34 build/usart.o
                0x0000000008000e34                usart0_config
 .text.spi0_config
                0x0000000008000e68       0x84 build/spi.o
                0x0000000008000e68                spi0_config
 .text.spi_write_byte
                0x0000000008000eec       0x20 build/spi.o
                0x0000000008000eec                spi_write_byte
 .text.dma_config
                0x0000000008000f0c       0xa4 build/spi.o
                0x0000000008000f0c                dma_config
 .text.spi_write_buffer_DMA
                0x0000000008000fb0       0x9c build/spi.o
                0x0000000008000fb0                spi_write_buffer_DMA
 .text.DMA0_Channel2_Callback
                0x000000000800104c        0x8 build/spi.o
                0x000000000800104c                DMA0_Channel2_Callback
 .text.read_gray_code_from_encoder
                0x0000000008001054       0x54 build/encoder.o
                0x0000000008001054                read_gray_code_from_encoder
 .text.read_data_encoder
                0x00000000080010a8      0x2c8 build/encoder.o
                0x00000000080010a8                read_data_encoder
 .text.timer_delay_init
                0x0000000008001370       0x60 build/tim.o
                0x0000000008001370                timer_delay_init
 .text.delay_ms
                0x00000000080013d0       0x38 build/tim.o
                0x00000000080013d0                delay_ms
 .text.timer_delay_callback
                0x0000000008001408       0x30 build/tim.o
                0x0000000008001408                timer_delay_callback
 .text.OLED_ClearBuffer
                0x0000000008001438       0x18 build/OLED.o
                0x0000000008001438                OLED_ClearBuffer
 .text.OLED_SendCommand
                0x0000000008001450       0x2c build/OLED.o
                0x0000000008001450                OLED_SendCommand
 .text.OLED_SendData
                0x000000000800147c       0x2c build/OLED.o
                0x000000000800147c                OLED_SendData
 .text.OLED_Clear
                0x00000000080014a8       0x14 build/OLED.o
                0x00000000080014a8                OLED_Clear
 .text.OLED_GetWidthStr
                0x00000000080014bc       0x3c build/OLED.o
                0x00000000080014bc                OLED_GetWidthStr
 .text.OLED_DrawPixelStatus
                0x00000000080014f8       0x44 build/OLED.o
                0x00000000080014f8                OLED_DrawPixelStatus
 .text.OLED_DrawChar
                0x000000000800153c       0x90 build/OLED.o
                0x000000000800153c                OLED_DrawChar
 .text.OLED_DrawStr
                0x00000000080015cc       0x90 build/OLED.o
                0x00000000080015cc                OLED_DrawStr
 .text.OLED_PageAdress
                0x000000000800165c       0x1a build/OLED.o
                0x000000000800165c                OLED_PageAdress
 *fill*         0x0000000008001676        0x2 
 .text.OLED_UpdateOnePage
                0x0000000008001678       0x28 build/OLED.o
                0x0000000008001678                OLED_UpdateOnePage
 .text.OLED_UpdateScreen
                0x00000000080016a0       0x16 build/OLED.o
                0x00000000080016a0                OLED_UpdateScreen
 *fill*         0x00000000080016b6        0x2 
 .text.OLED_init
                0x00000000080016b8       0xbc build/OLED.o
                0x00000000080016b8                OLED_init
 .text.OLED_UpdScreen_DMA
                0x0000000008001774        0x8 build/OLED.o
                0x0000000008001774                OLED_UpdScreen_DMA
 .text.FontSet  0x000000000800177c       0x20 build/OLED_Fonts.o
                0x000000000800177c                FontSet
 .text.dma_periph_and_channel_check
                0x000000000800179c       0x1c build/gd32f30x_dma.o
 .text.dma_deinit
                0x00000000080017b8       0x36 build/gd32f30x_dma.o
                0x00000000080017b8                dma_deinit
 .text.dma_init
                0x00000000080017ee       0x80 build/gd32f30x_dma.o
                0x00000000080017ee                dma_init
 .text.dma_circulation_disable
                0x000000000800186e       0x20 build/gd32f30x_dma.o
                0x000000000800186e                dma_circulation_disable
 .text.dma_memory_to_memory_disable
                0x000000000800188e       0x20 build/gd32f30x_dma.o
                0x000000000800188e                dma_memory_to_memory_disable
 .text.dma_channel_enable
                0x00000000080018ae       0x20 build/gd32f30x_dma.o
                0x00000000080018ae                dma_channel_enable
 .text.dma_channel_disable
                0x00000000080018ce       0x20 build/gd32f30x_dma.o
                0x00000000080018ce                dma_channel_disable
 .text.dma_memory_address_config
                0x00000000080018ee       0x1c build/gd32f30x_dma.o
                0x00000000080018ee                dma_memory_address_config
 .text.dma_memory_width_config
                0x000000000800190a       0x24 build/gd32f30x_dma.o
                0x000000000800190a                dma_memory_width_config
 .text.dma_interrupt_flag_get
                0x000000000800192e       0x62 build/gd32f30x_dma.o
                0x000000000800192e                dma_interrupt_flag_get
 .text.dma_interrupt_flag_clear
                0x0000000008001990        0xc build/gd32f30x_dma.o
                0x0000000008001990                dma_interrupt_flag_clear
 .text.dma_interrupt_enable
                0x000000000800199c       0x20 build/gd32f30x_dma.o
                0x000000000800199c                dma_interrupt_enable
 .text.gpio_init
                0x00000000080019bc       0xa2 build/gd32f30x_gpio.o
                0x00000000080019bc                gpio_init
 .text.gpio_bit_set
                0x0000000008001a5e        0x4 build/gd32f30x_gpio.o
                0x0000000008001a5e                gpio_bit_set
 .text.gpio_bit_reset
                0x0000000008001a62        0x4 build/gd32f30x_gpio.o
                0x0000000008001a62                gpio_bit_reset
 .text.gpio_input_bit_get
                0x0000000008001a66        0xe build/gd32f30x_gpio.o
                0x0000000008001a66                gpio_input_bit_get
 .text.gpio_output_bit_get
                0x0000000008001a74        0xe build/gd32f30x_gpio.o
                0x0000000008001a74                gpio_output_bit_get
 *fill*         0x0000000008001a82        0x2 
 .text.gpio_pin_remap_config
                0x0000000008001a84       0x7c build/gd32f30x_gpio.o
                0x0000000008001a84                gpio_pin_remap_config
 .text.nvic_priority_group_set
                0x0000000008001b00       0x14 build/gd32f30x_misc.o
                0x0000000008001b00                nvic_priority_group_set
 .text.nvic_irq_enable
                0x0000000008001b14       0xb0 build/gd32f30x_misc.o
                0x0000000008001b14                nvic_irq_enable
 .text.rcu_periph_clock_enable
                0x0000000008001bc4       0x1c build/gd32f30x_rcu.o
                0x0000000008001bc4                rcu_periph_clock_enable
 .text.rcu_periph_reset_enable
                0x0000000008001be0       0x1c build/gd32f30x_rcu.o
                0x0000000008001be0                rcu_periph_reset_enable
 .text.rcu_periph_reset_disable
                0x0000000008001bfc       0x1e build/gd32f30x_rcu.o
                0x0000000008001bfc                rcu_periph_reset_disable
 *fill*         0x0000000008001c1a        0x2 
 .text.rcu_ckout0_config
                0x0000000008001c1c       0x14 build/gd32f30x_rcu.o
                0x0000000008001c1c                rcu_ckout0_config
 .text.rcu_all_reset_flag_clear
                0x0000000008001c30       0x10 build/gd32f30x_rcu.o
                0x0000000008001c30                rcu_all_reset_flag_clear
 .text.rcu_clock_freq_get
                0x0000000008001c40      0x108 build/gd32f30x_rcu.o
                0x0000000008001c40                rcu_clock_freq_get
 .text.spi_i2s_deinit
                0x0000000008001d48       0x54 build/gd32f30x_spi.o
                0x0000000008001d48                spi_i2s_deinit
 .text.spi_enable
                0x0000000008001d9c        0xa build/gd32f30x_spi.o
                0x0000000008001d9c                spi_enable
 .text.spi_dma_enable
                0x0000000008001da6       0x16 build/gd32f30x_spi.o
                0x0000000008001da6                spi_dma_enable
 .text.spi_dma_disable
                0x0000000008001dbc       0x16 build/gd32f30x_spi.o
                0x0000000008001dbc                spi_dma_disable
 .text.spi_i2s_data_transmit
                0x0000000008001dd2        0x4 build/gd32f30x_spi.o
                0x0000000008001dd2                spi_i2s_data_transmit
 .text.spi_i2s_flag_get
                0x0000000008001dd6        0xe build/gd32f30x_spi.o
                0x0000000008001dd6                spi_i2s_flag_get
 .text.timer_deinit
                0x0000000008001de4       0xdc build/gd32f30x_timer.o
                0x0000000008001de4                timer_deinit
 .text.timer_init
                0x0000000008001ec0       0x90 build/gd32f30x_timer.o
                0x0000000008001ec0                timer_init
 .text.timer_enable
                0x0000000008001f50        0xa build/gd32f30x_timer.o
                0x0000000008001f50                timer_enable
 .text.timer_disable
                0x0000000008001f5a        0xa build/gd32f30x_timer.o
                0x0000000008001f5a                timer_disable
 .text.timer_autoreload_value_config
                0x0000000008001f64        0x4 build/gd32f30x_timer.o
                0x0000000008001f64                timer_autoreload_value_config
 .text.timer_counter_value_config
                0x0000000008001f68        0x4 build/gd32f30x_timer.o
                0x0000000008001f68                timer_counter_value_config
 .text.timer_interrupt_enable
                0x0000000008001f6c        0x8 build/gd32f30x_timer.o
                0x0000000008001f6c                timer_interrupt_enable
 .text.timer_interrupt_flag_get
                0x0000000008001f74       0x18 build/gd32f30x_timer.o
                0x0000000008001f74                timer_interrupt_flag_get
 .text.timer_interrupt_flag_clear
                0x0000000008001f8c        0x6 build/gd32f30x_timer.o
                0x0000000008001f8c                timer_interrupt_flag_clear
 *fill*         0x0000000008001f92        0x2 
 .text.usart_deinit
                0x0000000008001f94       0x8c build/gd32f30x_usart.o
                0x0000000008001f94                usart_deinit
 .text.usart_baudrate_set
                0x0000000008002020       0x70 build/gd32f30x_usart.o
                0x0000000008002020                usart_baudrate_set
 .text.usart_enable
                0x0000000008002090        0xa build/gd32f30x_usart.o
                0x0000000008002090                usart_enable
 .text.usart_transmit_config
                0x000000000800209a        0xc build/gd32f30x_usart.o
                0x000000000800209a                usart_transmit_config
 .text.usart_data_transmit
                0x00000000080020a6        0x8 build/gd32f30x_usart.o
                0x00000000080020a6                usart_data_transmit
 .text.usart_data_receive
                0x00000000080020ae        0x8 build/gd32f30x_usart.o
                0x00000000080020ae                usart_data_receive
 .text.usart_flag_get
                0x00000000080020b6       0x1a build/gd32f30x_usart.o
                0x00000000080020b6                usart_flag_get
 .text.system_clock_120m_hxtal
                0x00000000080020d0       0xd8 build/system_gd32f30x.o
 .text.system_clock_config
                0x00000000080021a8        0x8 build/system_gd32f30x.o
 .text.SystemInit
                0x00000000080021b0       0x5c build/system_gd32f30x.o
                0x00000000080021b0                SystemInit
 .text.SystemCoreClockUpdate
                0x000000000800220c       0xa4 build/system_gd32f30x.o
                0x000000000800220c                SystemCoreClockUpdate
 .text.Reset_Handler
                0x00000000080022b0       0x50 build/startup_gd32f303x_hd.o
                0x00000000080022b0                Reset_Handler
 .text.Default_Handler
                0x0000000008002300        0x2 build/startup_gd32f303x_hd.o
                0x0000000008002300                RTC_Alarm_IRQHandler
                0x0000000008002300                EXTI2_IRQHandler
                0x0000000008002300                TIMER2_IRQHandler
                0x0000000008002300                TIMER5_IRQHandler
                0x0000000008002300                LVD_IRQHandler
                0x0000000008002300                TIMER0_BRK_IRQHandler
                0x0000000008002300                ADC0_1_IRQHandler
                0x0000000008002300                TIMER0_UP_IRQHandler
                0x0000000008002300                SDIO_IRQHandler
                0x0000000008002300                EXTI3_IRQHandler
                0x0000000008002300                TIMER3_IRQHandler
                0x0000000008002300                DMA0_Channel6_IRQHandler
                0x0000000008002300                I2C0_EV_IRQHandler
                0x0000000008002300                EXTI0_IRQHandler
                0x0000000008002300                TIMER4_IRQHandler
                0x0000000008002300                SPI1_IRQHandler
                0x0000000008002300                DMA0_Channel0_IRQHandler
                0x0000000008002300                TAMPER_IRQHandler
                0x0000000008002300                DMA1_Channel0_IRQHandler
                0x0000000008002300                DMA0_Channel3_IRQHandler
                0x0000000008002300                I2C0_ER_IRQHandler
                0x0000000008002300                RTC_IRQHandler
                0x0000000008002300                TIMER7_UP_IRQHandler
                0x0000000008002300                USART0_IRQHandler
                0x0000000008002300                TIMER1_IRQHandler
                0x0000000008002300                TIMER7_TRG_CMT_IRQHandler
                0x0000000008002300                TIMER0_TRG_CMT_IRQHandler
                0x0000000008002300                I2C1_EV_IRQHandler
                0x0000000008002300                UART4_IRQHandler
                0x0000000008002300                EXTI10_15_IRQHandler
                0x0000000008002300                DMA1_Channel1_IRQHandler
                0x0000000008002300                Default_Handler
                0x0000000008002300                TIMER7_Channel_IRQHandler
                0x0000000008002300                WWDGT_IRQHandler
                0x0000000008002300                EXMC_IRQHandler
                0x0000000008002300                ADC2_IRQHandler
                0x0000000008002300                SPI2_IRQHandler
                0x0000000008002300                USBD_WKUP_IRQHandler
                0x0000000008002300                RCU_CTC_IRQHandler
                0x0000000008002300                TIMER7_BRK_IRQHandler
                0x0000000008002300                EXTI4_IRQHandler
                0x0000000008002300                USBD_HP_CAN0_TX_IRQHandler
                0x0000000008002300                CAN0_RX1_IRQHandler
                0x0000000008002300                DMA0_Channel5_IRQHandler
                0x0000000008002300                EXTI5_9_IRQHandler
                0x0000000008002300                DMA0_Channel1_IRQHandler
                0x0000000008002300                TIMER0_Channel_IRQHandler
                0x0000000008002300                EXTI1_IRQHandler
                0x0000000008002300                SPI0_IRQHandler
                0x0000000008002300                DMA1_Channel3_4_IRQHandler
                0x0000000008002300                USART2_IRQHandler
                0x0000000008002300                CAN0_EWMC_IRQHandler
                0x0000000008002300                DMA1_Channel2_IRQHandler
                0x0000000008002300                USBD_LP_CAN0_RX0_IRQHandler
                0x0000000008002300                USART1_IRQHandler
                0x0000000008002300                UART3_IRQHandler
                0x0000000008002300                I2C1_ER_IRQHandler
                0x0000000008002300                FMC_IRQHandler
                0x0000000008002300                DMA0_Channel4_IRQHandler
 *fill*         0x0000000008002302        0x2 
 .text.__libc_init_array
                0x0000000008002304       0x48 /home/arashamf/soft/ARM_toolchains/gcc-arm-none-eabi-10.3-2021.10/bin/../lib/gcc/arm-none-eabi/10.3.1/../../../../arm-none-eabi/lib/thumb/v7e-m/nofp/libc_nano.a(lib_a-init.o)
                0x0000000008002304                __libc_init_array
 .text.memset   0x000000000800234c       0x10 /home/arashamf/soft/ARM_toolchains/gcc-arm-none-eabi-10.3-2021.10/bin/../lib/gcc/arm-none-eabi/10.3.1/../../../../arm-none-eabi/lib/thumb/v7e-m/nofp/libc_nano.a(lib_a-memset.o)
                0x000000000800234c                memset
 .text.__cvt    0x000000000800235c       0xc0 /home/arashamf/soft/ARM_toolchains/gcc-arm-none-eabi-10.3-2021.10/bin/../lib/gcc/arm-none-eabi/10.3.1/../../../../arm-none-eabi/lib/thumb/v7e-m/nofp/libc_nano.a(lib_a-nano-vfprintf_float.o)
                0x000000000800235c                __cvt
 .text.__exponent
                0x000000000800241c       0x7c /home/arashamf/soft/ARM_toolchains/gcc-arm-none-eabi-10.3-2021.10/bin/../lib/gcc/arm-none-eabi/10.3.1/../../../../arm-none-eabi/lib/thumb/v7e-m/nofp/libc_nano.a(lib_a-nano-vfprintf_float.o)
                0x000000000800241c                __exponent
 .text._printf_float
                0x0000000008002498      0x454 /home/arashamf/soft/ARM_toolchains/gcc-arm-none-eabi-10.3-2021.10/bin/../lib/gcc/arm-none-eabi/10.3.1/../../../../arm-none-eabi/lib/thumb/v7e-m/nofp/libc_nano.a(lib_a-nano-vfprintf_float.o)
                0x0000000008002498                _printf_float
 .text._printf_common
                0x00000000080028ec       0xda /home/arashamf/soft/ARM_toolchains/gcc-arm-none-eabi-10.3-2021.10/bin/../lib/gcc/arm-none-eabi/10.3.1/../../../../arm-none-eabi/lib/thumb/v7e-m/nofp/libc_nano.a(lib_a-nano-vfprintf_i.o)
                0x00000000080028ec                _printf_common
 *fill*         0x00000000080029c6        0x2 
 .text._printf_i
                0x00000000080029c8      0x24c /home/arashamf/soft/ARM_toolchains/gcc-arm-none-eabi-10.3-2021.10/bin/../lib/gcc/arm-none-eabi/10.3.1/../../../../arm-none-eabi/lib/thumb/v7e-m/nofp/libc_nano.a(lib_a-nano-vfprintf_i.o)
                0x00000000080029c8                _printf_i
 .text.snprintf
                0x0000000008002c14       0x68 /home/arashamf/soft/ARM_toolchains/gcc-arm-none-eabi-10.3-2021.10/bin/../lib/gcc/arm-none-eabi/10.3.1/../../../../arm-none-eabi/lib/thumb/v7e-m/nofp/libc_nano.a(lib_a-snprintf.o)
                0x0000000008002c14                snprintf
                0x0000000008002c14                sniprintf
 .text.quorem   0x0000000008002c7c      0x10e /home/arashamf/soft/ARM_toolchains/gcc-arm-none-eabi-10.3-2021.10/bin/../lib/gcc/arm-none-eabi/10.3.1/../../../../arm-none-eabi/lib/thumb/v7e-m/nofp/libc_nano.a(lib_a-dtoa.o)
 *fill*         0x0000000008002d8a        0x6 
 .text._dtoa_r  0x0000000008002d90      0xbdc /home/arashamf/soft/ARM_toolchains/gcc-arm-none-eabi-10.3-2021.10/bin/../lib/gcc/arm-none-eabi/10.3.1/../../../../arm-none-eabi/lib/thumb/v7e-m/nofp/libc_nano.a(lib_a-dtoa.o)
                0x0000000008002d90                _dtoa_r
 .text._localeconv_r
                0x000000000800396c        0x8 /home/arashamf/soft/ARM_toolchains/gcc-arm-none-eabi-10.3-2021.10/bin/../lib/gcc/arm-none-eabi/10.3.1/../../../../arm-none-eabi/lib/thumb/v7e-m/nofp/libc_nano.a(lib_a-localeconv.o)
                0x000000000800396c                _localeconv_r
 .text.malloc   0x0000000008003974       0x10 /home/arashamf/soft/ARM_toolchains/gcc-arm-none-eabi-10.3-2021.10/bin/../lib/gcc/arm-none-eabi/10.3.1/../../../../arm-none-eabi/lib/thumb/v7e-m/nofp/libc_nano.a(lib_a-malloc.o)
                0x0000000008003974                malloc
 .text.memcpy   0x0000000008003984       0x1c /home/arashamf/soft/ARM_toolchains/gcc-arm-none-eabi-10.3-2021.10/bin/../lib/gcc/arm-none-eabi/10.3.1/../../../../arm-none-eabi/lib/thumb/v7e-m/nofp/libc_nano.a(lib_a-memcpy-stub.o)
                0x0000000008003984                memcpy
 .text._Balloc  0x00000000080039a0       0x80 /home/arashamf/soft/ARM_toolchains/gcc-arm-none-eabi-10.3-2021.10/bin/../lib/gcc/arm-none-eabi/10.3.1/../../../../arm-none-eabi/lib/thumb/v7e-m/nofp/libc_nano.a(lib_a-mprec.o)
                0x00000000080039a0                _Balloc
 .text._Bfree   0x0000000008003a20       0x44 /home/arashamf/soft/ARM_toolchains/gcc-arm-none-eabi-10.3-2021.10/bin/../lib/gcc/arm-none-eabi/10.3.1/../../../../arm-none-eabi/lib/thumb/v7e-m/nofp/libc_nano.a(lib_a-mprec.o)
                0x0000000008003a20                _Bfree
 .text.__multadd
                0x0000000008003a64       0x8c /home/arashamf/soft/ARM_toolchains/gcc-arm-none-eabi-10.3-2021.10/bin/../lib/gcc/arm-none-eabi/10.3.1/../../../../arm-none-eabi/lib/thumb/v7e-m/nofp/libc_nano.a(lib_a-mprec.o)
                0x0000000008003a64                __multadd
 .text.__hi0bits
                0x0000000008003af0       0x40 /home/arashamf/soft/ARM_toolchains/gcc-arm-none-eabi-10.3-2021.10/bin/../lib/gcc/arm-none-eabi/10.3.1/../../../../arm-none-eabi/lib/thumb/v7e-m/nofp/libc_nano.a(lib_a-mprec.o)
                0x0000000008003af0                __hi0bits
 .text.__lo0bits
                0x0000000008003b30       0x5a /home/arashamf/soft/ARM_toolchains/gcc-arm-none-eabi-10.3-2021.10/bin/../lib/gcc/arm-none-eabi/10.3.1/../../../../arm-none-eabi/lib/thumb/v7e-m/nofp/libc_nano.a(lib_a-mprec.o)
                0x0000000008003b30                __lo0bits
 *fill*         0x0000000008003b8a        0x2 
 .text.__i2b    0x0000000008003b8c       0x2c /home/arashamf/soft/ARM_toolchains/gcc-arm-none-eabi-10.3-2021.10/bin/../lib/gcc/arm-none-eabi/10.3.1/../../../../arm-none-eabi/lib/thumb/v7e-m/nofp/libc_nano.a(lib_a-mprec.o)
                0x0000000008003b8c                __i2b
 .text.__multiply
                0x0000000008003bb8      0x150 /home/arashamf/soft/ARM_toolchains/gcc-arm-none-eabi-10.3-2021.10/bin/../lib/gcc/arm-none-eabi/10.3.1/../../../../arm-none-eabi/lib/thumb/v7e-m/nofp/libc_nano.a(lib_a-mprec.o)
                0x0000000008003bb8                __multiply
 .text.__pow5mult
                0x0000000008003d08       0xb4 /home/arashamf/soft/ARM_toolchains/gcc-arm-none-eabi-10.3-2021.10/bin/../lib/gcc/arm-none-eabi/10.3.1/../../../../arm-none-eabi/lib/thumb/v7e-m/nofp/libc_nano.a(lib_a-mprec.o)
                0x0000000008003d08                __pow5mult
 .text.__lshift
                0x0000000008003dbc       0xe0 /home/arashamf/soft/ARM_toolchains/gcc-arm-none-eabi-10.3-2021.10/bin/../lib/gcc/arm-none-eabi/10.3.1/../../../../arm-none-eabi/lib/thumb/v7e-m/nofp/libc_nano.a(lib_a-mprec.o)
                0x0000000008003dbc                __lshift
 .text.__mcmp   0x0000000008003e9c       0x36 /home/arashamf/soft/ARM_toolchains/gcc-arm-none-eabi-10.3-2021.10/bin/../lib/gcc/arm-none-eabi/10.3.1/../../../../arm-none-eabi/lib/thumb/v7e-m/nofp/libc_nano.a(lib_a-mprec.o)
                0x0000000008003e9c                __mcmp
 *fill*         0x0000000008003ed2        0x2 
 .text.__mdiff  0x0000000008003ed4      0x110 /home/arashamf/soft/ARM_toolchains/gcc-arm-none-eabi-10.3-2021.10/bin/../lib/gcc/arm-none-eabi/10.3.1/../../../../arm-none-eabi/lib/thumb/v7e-m/nofp/libc_nano.a(lib_a-mprec.o)
                0x0000000008003ed4                __mdiff
 .text.__d2b    0x0000000008003fe4       0xb8 /home/arashamf/soft/ARM_toolchains/gcc-arm-none-eabi-10.3-2021.10/bin/../lib/gcc/arm-none-eabi/10.3.1/../../../../arm-none-eabi/lib/thumb/v7e-m/nofp/libc_nano.a(lib_a-mprec.o)
                0x0000000008003fe4                __d2b
 .text._calloc_r
                0x000000000800409c       0x28 /home/arashamf/soft/ARM_toolchains/gcc-arm-none-eabi-10.3-2021.10/bin/../lib/gcc/arm-none-eabi/10.3.1/../../../../arm-none-eabi/lib/thumb/v7e-m/nofp/libc_nano.a(lib_a-nano-callocr.o)
                0x000000000800409c                _calloc_r
 .text._free_r  0x00000000080040c4       0x94 /home/arashamf/soft/ARM_toolchains/gcc-arm-none-eabi-10.3-2021.10/bin/../lib/gcc/arm-none-eabi/10.3.1/../../../../arm-none-eabi/lib/thumb/v7e-m/nofp/libc_nano.a(lib_a-nano-freer.o)
                0x00000000080040c4                _free_r
 .text.sbrk_aligned
                0x0000000008004158       0x40 /home/arashamf/soft/ARM_toolchains/gcc-arm-none-eabi-10.3-2021.10/bin/../lib/gcc/arm-none-eabi/10.3.1/../../../../arm-none-eabi/lib/thumb/v7e-m/nofp/libc_nano.a(lib_a-nano-mallocr.o)
 .text._malloc_r
                0x0000000008004198       0xe8 /home/arashamf/soft/ARM_toolchains/gcc-arm-none-eabi-10.3-2021.10/bin/../lib/gcc/arm-none-eabi/10.3.1/../../../../arm-none-eabi/lib/thumb/v7e-m/nofp/libc_nano.a(lib_a-nano-mallocr.o)
                0x0000000008004198                _malloc_r
 .text.__ssputs_r
                0x0000000008004280       0xb6 /home/arashamf/soft/ARM_toolchains/gcc-arm-none-eabi-10.3-2021.10/bin/../lib/gcc/arm-none-eabi/10.3.1/../../../../arm-none-eabi/lib/thumb/v7e-m/nofp/libc_nano.a(lib_a-nano-svfprintf.o)
                0x0000000008004280                __ssputs_r
 *fill*         0x0000000008004336        0x2 
 .text._svfprintf_r
                0x0000000008004338      0x200 /home/arashamf/soft/ARM_toolchains/gcc-arm-none-eabi-10.3-2021.10/bin/../lib/gcc/arm-none-eabi/10.3.1/../../../../arm-none-eabi/lib/thumb/v7e-m/nofp/libc_nano.a(lib_a-nano-svfprintf.o)
                0x0000000008004338                _svfprintf_r
                0x0000000008004338                _svfiprintf_r
 .text._sbrk_r  0x0000000008004538       0x20 /home/arashamf/soft/ARM_toolchains/gcc-arm-none-eabi-10.3-2021.10/bin/../lib/gcc/arm-none-eabi/10.3.1/../../../../arm-none-eabi/lib/thumb/v7e-m/nofp/libc_nano.a(lib_a-sbrkr.o)
                0x0000000008004538                _sbrk_r
 .text.__assert_func
                0x0000000008004558       0x3c /home/arashamf/soft/ARM_toolchains/gcc-arm-none-eabi-10.3-2021.10/bin/../lib/gcc/arm-none-eabi/10.3.1/../../../../arm-none-eabi/lib/thumb/v7e-m/nofp/libc_nano.a(lib_a-assert.o)
                0x0000000008004558                __assert_func
 .text.fprintf  0x0000000008004594       0x24 /home/arashamf/soft/ARM_toolchains/gcc-arm-none-eabi-10.3-2021.10/bin/../lib/gcc/arm-none-eabi/10.3.1/../../../../arm-none-eabi/lib/thumb/v7e-m/nofp/libc_nano.a(lib_a-fprintf.o)
                0x0000000008004594                fprintf
                0x0000000008004594                fiprintf
 .text.__ascii_mbtowc
                0x00000000080045b8       0x24 /home/arashamf/soft/ARM_toolchains/gcc-arm-none-eabi-10.3-2021.10/bin/../lib/gcc/arm-none-eabi/10.3.1/../../../../arm-none-eabi/lib/thumb/v7e-m/nofp/libc_nano.a(lib_a-mbtowc_r.o)
                0x00000000080045b8                __ascii_mbtowc
 .text.memmove  0x00000000080045dc       0x34 /home/arashamf/soft/ARM_toolchains/gcc-arm-none-eabi-10.3-2021.10/bin/../lib/gcc/arm-none-eabi/10.3.1/../../../../arm-none-eabi/lib/thumb/v7e-m/nofp/libc_nano.a(lib_a-memmove.o)
                0x00000000080045dc                memmove
 .text.__malloc_lock
                0x0000000008004610        0xc /home/arashamf/soft/ARM_toolchains/gcc-arm-none-eabi-10.3-2021.10/bin/../lib/gcc/arm-none-eabi/10.3.1/../../../../arm-none-eabi/lib/thumb/v7e-m/nofp/libc_nano.a(lib_a-mlock.o)
                0x0000000008004610                __malloc_lock
 .text.__malloc_unlock
                0x000000000800461c        0xc /home/arashamf/soft/ARM_toolchains/gcc-arm-none-eabi-10.3-2021.10/bin/../lib/gcc/arm-none-eabi/10.3.1/../../../../arm-none-eabi/lib/thumb/v7e-m/nofp/libc_nano.a(lib_a-mlock.o)
                0x000000000800461c                __malloc_unlock
 .text._realloc_r
                0x0000000008004628       0x5e /home/arashamf/soft/ARM_toolchains/gcc-arm-none-eabi-10.3-2021.10/bin/../lib/gcc/arm-none-eabi/10.3.1/../../../../arm-none-eabi/lib/thumb/v7e-m/nofp/libc_nano.a(lib_a-nano-reallocr.o)
                0x0000000008004628                _realloc_r
 .text.__sfputc_r
                0x0000000008004686       0x2a /home/arashamf/soft/ARM_toolchains/gcc-arm-none-eabi-10.3-2021.10/bin/../lib/gcc/arm-none-eabi/10.3.1/../../../../arm-none-eabi/lib/thumb/v7e-m/nofp/libc_nano.a(lib_a-nano-vfprintf.o)
 .text.__sfputs_r
                0x00000000080046b0       0x24 /home/arashamf/soft/ARM_toolchains/gcc-arm-none-eabi-10.3-2021.10/bin/../lib/gcc/arm-none-eabi/10.3.1/../../../../arm-none-eabi/lib/thumb/v7e-m/nofp/libc_nano.a(lib_a-nano-vfprintf.o)
                0x00000000080046b0                __sfputs_r
 .text._vfprintf_r
                0x00000000080046d4      0x260 /home/arashamf/soft/ARM_toolchains/gcc-arm-none-eabi-10.3-2021.10/bin/../lib/gcc/arm-none-eabi/10.3.1/../../../../arm-none-eabi/lib/thumb/v7e-m/nofp/libc_nano.a(lib_a-nano-vfprintf.o)
                0x00000000080046d4                _vfiprintf_r
                0x00000000080046d4                _vfprintf_r
 .text.__swbuf_r
                0x0000000008004934       0xa4 /home/arashamf/soft/ARM_toolchains/gcc-arm-none-eabi-10.3-2021.10/bin/../lib/gcc/arm-none-eabi/10.3.1/../../../../arm-none-eabi/lib/thumb/v7e-m/nofp/libc_nano.a(lib_a-wbuf.o)
                0x0000000008004934                __swbuf_r
 .text.__ascii_wctomb
                0x00000000080049d8       0x1a /home/arashamf/soft/ARM_toolchains/gcc-arm-none-eabi-10.3-2021.10/bin/../lib/gcc/arm-none-eabi/10.3.1/../../../../arm-none-eabi/lib/thumb/v7e-m/nofp/libc_nano.a(lib_a-wctomb_r.o)
                0x00000000080049d8                __ascii_wctomb
 *fill*         0x00000000080049f2        0x2 
 .text.__swsetup_r
                0x00000000080049f4       0xdc /home/arashamf/soft/ARM_toolchains/gcc-arm-none-eabi-10.3-2021.10/bin/../lib/gcc/arm-none-eabi/10.3.1/../../../../arm-none-eabi/lib/thumb/v7e-m/nofp/libc_nano.a(lib_a-wsetup.o)
                0x00000000080049f4                __swsetup_r
 .text.__sflush_r
                0x0000000008004ad0      0x104 /home/arashamf/soft/ARM_toolchains/gcc-arm-none-eabi-10.3-2021.10/bin/../lib/gcc/arm-none-eabi/10.3.1/../../../../arm-none-eabi/lib/thumb/v7e-m/nofp/libc_nano.a(lib_a-fflush.o)
                0x0000000008004ad0                __sflush_r
 .text._fflush_r
                0x0000000008004bd4       0x78 /home/arashamf/soft/ARM_toolchains/gcc-arm-none-eabi-10.3-2021.10/bin/../lib/gcc/arm-none-eabi/10.3.1/../../../../arm-none-eabi/lib/thumb/v7e-m/nofp/libc_nano.a(lib_a-fflush.o)
                0x0000000008004bd4                _fflush_r
 .text.std      0x0000000008004c4c       0x48 /home/arashamf/soft/ARM_toolchains/gcc-arm-none-eabi-10.3-2021.10/bin/../lib/gcc/arm-none-eabi/10.3.1/../../../../arm-none-eabi/lib/thumb/v7e-m/nofp/libc_nano.a(lib_a-findfp.o)
 .text._cleanup_r
                0x0000000008004c94        0xc /home/arashamf/soft/ARM_toolchains/gcc-arm-none-eabi-10.3-2021.10/bin/../lib/gcc/arm-none-eabi/10.3.1/../../../../arm-none-eabi/lib/thumb/v7e-m/nofp/libc_nano.a(lib_a-findfp.o)
                0x0000000008004c94                _cleanup_r
 .text.__sfmoreglue
                0x0000000008004ca0       0x2c /home/arashamf/soft/ARM_toolchains/gcc-arm-none-eabi-10.3-2021.10/bin/../lib/gcc/arm-none-eabi/10.3.1/../../../../arm-none-eabi/lib/thumb/v7e-m/nofp/libc_nano.a(lib_a-findfp.o)
                0x0000000008004ca0                __sfmoreglue
 .text.__sfp_lock_acquire
                0x0000000008004ccc        0xc /home/arashamf/soft/ARM_toolchains/gcc-arm-none-eabi-10.3-2021.10/bin/../lib/gcc/arm-none-eabi/10.3.1/../../../../arm-none-eabi/lib/thumb/v7e-m/nofp/libc_nano.a(lib_a-findfp.o)
                0x0000000008004ccc                __sfp_lock_acquire
 .text.__sfp_lock_release
                0x0000000008004cd8        0xc /home/arashamf/soft/ARM_toolchains/gcc-arm-none-eabi-10.3-2021.10/bin/../lib/gcc/arm-none-eabi/10.3.1/../../../../arm-none-eabi/lib/thumb/v7e-m/nofp/libc_nano.a(lib_a-findfp.o)
                0x0000000008004cd8                __sfp_lock_release
 .text.__sinit_lock_acquire
                0x0000000008004ce4        0xc /home/arashamf/soft/ARM_toolchains/gcc-arm-none-eabi-10.3-2021.10/bin/../lib/gcc/arm-none-eabi/10.3.1/../../../../arm-none-eabi/lib/thumb/v7e-m/nofp/libc_nano.a(lib_a-findfp.o)
                0x0000000008004ce4                __sinit_lock_acquire
 .text.__sinit_lock_release
                0x0000000008004cf0        0xc /home/arashamf/soft/ARM_toolchains/gcc-arm-none-eabi-10.3-2021.10/bin/../lib/gcc/arm-none-eabi/10.3.1/../../../../arm-none-eabi/lib/thumb/v7e-m/nofp/libc_nano.a(lib_a-findfp.o)
                0x0000000008004cf0                __sinit_lock_release
 .text.__sinit  0x0000000008004cfc       0x70 /home/arashamf/soft/ARM_toolchains/gcc-arm-none-eabi-10.3-2021.10/bin/../lib/gcc/arm-none-eabi/10.3.1/../../../../arm-none-eabi/lib/thumb/v7e-m/nofp/libc_nano.a(lib_a-findfp.o)
                0x0000000008004cfc                __sinit
 .text.__sfp    0x0000000008004d6c       0x8c /home/arashamf/soft/ARM_toolchains/gcc-arm-none-eabi-10.3-2021.10/bin/../lib/gcc/arm-none-eabi/10.3.1/../../../../arm-none-eabi/lib/thumb/v7e-m/nofp/libc_nano.a(lib_a-findfp.o)
                0x0000000008004d6c                __sfp
 .text._fwalk_reent
                0x0000000008004df8       0x3e /home/arashamf/soft/ARM_toolchains/gcc-arm-none-eabi-10.3-2021.10/bin/../lib/gcc/arm-none-eabi/10.3.1/../../../../arm-none-eabi/lib/thumb/v7e-m/nofp/libc_nano.a(lib_a-fwalk.o)
                0x0000000008004df8                _fwalk_reent
 .text.__retarget_lock_init_recursive
                0x0000000008004e36        0x2 /home/arashamf/soft/ARM_toolchains/gcc-arm-none-eabi-10.3-2021.10/bin/../lib/gcc/arm-none-eabi/10.3.1/../../../../arm-none-eabi/lib/thumb/v7e-m/nofp/libc_nano.a(lib_a-lock.o)
                0x0000000008004e36                __retarget_lock_init_recursive
 .text.__retarget_lock_acquire_recursive
                0x0000000008004e38        0x2 /home/arashamf/soft/ARM_toolchains/gcc-arm-none-eabi-10.3-2021.10/bin/../lib/gcc/arm-none-eabi/10.3.1/../../../../arm-none-eabi/lib/thumb/v7e-m/nofp/libc_nano.a(lib_a-lock.o)
                0x0000000008004e38                __retarget_lock_acquire_recursive
 .text.__retarget_lock_release_recursive
                0x0000000008004e3a        0x2 /home/arashamf/soft/ARM_toolchains/gcc-arm-none-eabi-10.3-2021.10/bin/../lib/gcc/arm-none-eabi/10.3.1/../../../../arm-none-eabi/lib/thumb/v7e-m/nofp/libc_nano.a(lib_a-lock.o)
                0x0000000008004e3a                __retarget_lock_release_recursive
 .text.__swhatbuf_r
                0x0000000008004e3c       0x4a /home/arashamf/soft/ARM_toolchains/gcc-arm-none-eabi-10.3-2021.10/bin/../lib/gcc/arm-none-eabi/10.3.1/../../../../arm-none-eabi/lib/thumb/v7e-m/nofp/libc_nano.a(lib_a-makebuf.o)
                0x0000000008004e3c                __swhatbuf_r
 *fill*         0x0000000008004e86        0x2 
 .text.__smakebuf_r
                0x0000000008004e88       0x80 /home/arashamf/soft/ARM_toolchains/gcc-arm-none-eabi-10.3-2021.10/bin/../lib/gcc/arm-none-eabi/10.3.1/../../../../arm-none-eabi/lib/thumb/v7e-m/nofp/libc_nano.a(lib_a-makebuf.o)
                0x0000000008004e88                __smakebuf_r
 .text._malloc_usable_size_r
                0x0000000008004f08       0x10 /home/arashamf/soft/ARM_toolchains/gcc-arm-none-eabi-10.3-2021.10/bin/../lib/gcc/arm-none-eabi/10.3.1/../../../../arm-none-eabi/lib/thumb/v7e-m/nofp/libc_nano.a(lib_a-nano-msizer.o)
                0x0000000008004f08                _malloc_usable_size_r
 .text.__sread  0x0000000008004f18       0x22 /home/arashamf/soft/ARM_toolchains/gcc-arm-none-eabi-10.3-2021.10/bin/../lib/gcc/arm-none-eabi/10.3.1/../../../../arm-none-eabi/lib/thumb/v7e-m/nofp/libc_nano.a(lib_a-stdio.o)
                0x0000000008004f18                __sread
 .text.__swrite
                0x0000000008004f3a       0x38 /home/arashamf/soft/ARM_toolchains/gcc-arm-none-eabi-10.3-2021.10/bin/../lib/gcc/arm-none-eabi/10.3.1/../../../../arm-none-eabi/lib/thumb/v7e-m/nofp/libc_nano.a(lib_a-stdio.o)
                0x0000000008004f3a                __swrite
 .text.__sseek  0x0000000008004f72       0x24 /home/arashamf/soft/ARM_toolchains/gcc-arm-none-eabi-10.3-2021.10/bin/../lib/gcc/arm-none-eabi/10.3.1/../../../../arm-none-eabi/lib/thumb/v7e-m/nofp/libc_nano.a(lib_a-stdio.o)
                0x0000000008004f72                __sseek
 .text.__sclose
                0x0000000008004f96        0x8 /home/arashamf/soft/ARM_toolchains/gcc-arm-none-eabi-10.3-2021.10/bin/../lib/gcc/arm-none-eabi/10.3.1/../../../../arm-none-eabi/lib/thumb/v7e-m/nofp/libc_nano.a(lib_a-stdio.o)
                0x0000000008004f96                __sclose
 *fill*         0x0000000008004f9e        0x2 
 .text._write_r
                0x0000000008004fa0       0x24 /home/arashamf/soft/ARM_toolchains/gcc-arm-none-eabi-10.3-2021.10/bin/../lib/gcc/arm-none-eabi/10.3.1/../../../../arm-none-eabi/lib/thumb/v7e-m/nofp/libc_nano.a(lib_a-writer.o)
                0x0000000008004fa0                _write_r
 .text._close_r
                0x0000000008004fc4       0x20 /home/arashamf/soft/ARM_toolchains/gcc-arm-none-eabi-10.3-2021.10/bin/../lib/gcc/arm-none-eabi/10.3.1/../../../../arm-none-eabi/lib/thumb/v7e-m/nofp/libc_nano.a(lib_a-closer.o)
                0x0000000008004fc4                _close_r
 .text._fstat_r
                0x0000000008004fe4       0x24 /home/arashamf/soft/ARM_toolchains/gcc-arm-none-eabi-10.3-2021.10/bin/../lib/gcc/arm-none-eabi/10.3.1/../../../../arm-none-eabi/lib/thumb/v7e-m/nofp/libc_nano.a(lib_a-fstatr.o)
                0x0000000008004fe4                _fstat_r
 .text._isatty_r
                0x0000000008005008       0x20 /home/arashamf/soft/ARM_toolchains/gcc-arm-none-eabi-10.3-2021.10/bin/../lib/gcc/arm-none-eabi/10.3.1/../../../../arm-none-eabi/lib/thumb/v7e-m/nofp/libc_nano.a(lib_a-isattyr.o)
                0x0000000008005008                _isatty_r
 .text._lseek_r
                0x0000000008005028       0x24 /home/arashamf/soft/ARM_toolchains/gcc-arm-none-eabi-10.3-2021.10/bin/../lib/gcc/arm-none-eabi/10.3.1/../../../../arm-none-eabi/lib/thumb/v7e-m/nofp/libc_nano.a(lib_a-lseekr.o)
                0x0000000008005028                _lseek_r
 .text._read_r  0x000000000800504c       0x24 /home/arashamf/soft/ARM_toolchains/gcc-arm-none-eabi-10.3-2021.10/bin/../lib/gcc/arm-none-eabi/10.3.1/../../../../arm-none-eabi/lib/thumb/v7e-m/nofp/libc_nano.a(lib_a-readr.o)
                0x000000000800504c                _read_r
 *(.glue_7)
 .glue_7        0x0000000008005070        0x0 linker stubs
 *(.glue_7t)
 .glue_7t       0x0000000008005070        0x0 linker stubs
 *(.eh_frame)
 .eh_frame      0x0000000008005070        0x0 /home/arashamf/soft/ARM_toolchains/gcc-arm-none-eabi-10.3-2021.10/bin/../lib/gcc/arm-none-eabi/10.3.1/thumb/v7e-m/nofp/crtbegin.o
 *(.init)
 .init          0x0000000008005070        0x4 /home/arashamf/soft/ARM_toolchains/gcc-arm-none-eabi-10.3-2021.10/bin/../lib/gcc/arm-none-eabi/10.3.1/thumb/v7e-m/nofp/crti.o
                0x0000000008005070                _init
 .init          0x0000000008005074        0x8 /home/arashamf/soft/ARM_toolchains/gcc-arm-none-eabi-10.3-2021.10/bin/../lib/gcc/arm-none-eabi/10.3.1/thumb/v7e-m/nofp/crtn.o
 *(.fini)
 .fini          0x000000000800507c        0x4 /home/arashamf/soft/ARM_toolchains/gcc-arm-none-eabi-10.3-2021.10/bin/../lib/gcc/arm-none-eabi/10.3.1/thumb/v7e-m/nofp/crti.o
                0x000000000800507c                _fini
 .fini          0x0000000008005080        0x8 /home/arashamf/soft/ARM_toolchains/gcc-arm-none-eabi-10.3-2021.10/bin/../lib/gcc/arm-none-eabi/10.3.1/thumb/v7e-m/nofp/crtn.o
                0x0000000008005088                . = ALIGN (0x4)
                0x0000000008005088                _etext = .

.vfp11_veneer   0x0000000008005088        0x0
 .vfp11_veneer  0x0000000008005088        0x0 linker stubs

.v4_bx          0x0000000008005088        0x0
 .v4_bx         0x0000000008005088        0x0 linker stubs

.iplt           0x0000000008005088        0x0
 .iplt          0x0000000008005088        0x0 /home/arashamf/soft/ARM_toolchains/gcc-arm-none-eabi-10.3-2021.10/bin/../lib/gcc/arm-none-eabi/10.3.1/thumb/v7e-m/nofp/crtbegin.o

.rodata         0x0000000008005088     0x101c
                0x0000000008005088                . = ALIGN (0x4)
 *(.rodata)
 .rodata        0x0000000008005088       0x18 build/gd32f30x_rcu.o
 *(.rodata*)
 .rodata.main.str1.4
                0x00000000080050a0        0xe build/main.o
 *fill*         0x00000000080050ae        0x2 
 .rodata.read_data_encoder.str1.4
                0x00000000080050b0       0x2d build/encoder.o
 *fill*         0x00000000080050dd        0x3 
 .rodata.Segoe_UI_Eng_12
                0x00000000080050e0      0xba4 build/OLED_Fonts.o
                0x00000000080050e0                Segoe_UI_Eng_12
 .rodata._global_impure_ptr
                0x0000000008005c84        0x4 /home/arashamf/soft/ARM_toolchains/gcc-arm-none-eabi-10.3-2021.10/bin/../lib/gcc/arm-none-eabi/10.3.1/../../../../arm-none-eabi/lib/thumb/v7e-m/nofp/libc_nano.a(lib_a-impure.o)
                0x0000000008005c84                _global_impure_ptr
 .rodata._printf_float.str1.1
                0x0000000008005c88       0x12 /home/arashamf/soft/ARM_toolchains/gcc-arm-none-eabi-10.3-2021.10/bin/../lib/gcc/arm-none-eabi/10.3.1/../../../../arm-none-eabi/lib/thumb/v7e-m/nofp/libc_nano.a(lib_a-nano-vfprintf_float.o)
 .rodata._printf_i.str1.1
                0x0000000008005c9a       0x22 /home/arashamf/soft/ARM_toolchains/gcc-arm-none-eabi-10.3-2021.10/bin/../lib/gcc/arm-none-eabi/10.3.1/../../../../arm-none-eabi/lib/thumb/v7e-m/nofp/libc_nano.a(lib_a-nano-vfprintf_i.o)
 .rodata._dtoa_r.str1.1
                0x0000000008005cbc       0xb3 /home/arashamf/soft/ARM_toolchains/gcc-arm-none-eabi-10.3-2021.10/bin/../lib/gcc/arm-none-eabi/10.3.1/../../../../arm-none-eabi/lib/thumb/v7e-m/nofp/libc_nano.a(lib_a-dtoa.o)
                                         0xb5 (size before relaxing)
 .rodata._Balloc.str1.1
                0x0000000008005d6f       0x7f /home/arashamf/soft/ARM_toolchains/gcc-arm-none-eabi-10.3-2021.10/bin/../lib/gcc/arm-none-eabi/10.3.1/../../../../arm-none-eabi/lib/thumb/v7e-m/nofp/libc_nano.a(lib_a-mprec.o)
                                         0x96 (size before relaxing)
 .rodata.__multadd.str1.1
                0x0000000008005dee       0x11 /home/arashamf/soft/ARM_toolchains/gcc-arm-none-eabi-10.3-2021.10/bin/../lib/gcc/arm-none-eabi/10.3.1/../../../../arm-none-eabi/lib/thumb/v7e-m/nofp/libc_nano.a(lib_a-mprec.o)
 *fill*         0x0000000008005dee        0x2 
 .rodata.__mprec_bigtens
                0x0000000008005df0       0x28 /home/arashamf/soft/ARM_toolchains/gcc-arm-none-eabi-10.3-2021.10/bin/../lib/gcc/arm-none-eabi/10.3.1/../../../../arm-none-eabi/lib/thumb/v7e-m/nofp/libc_nano.a(lib_a-mprec.o)
                0x0000000008005df0                __mprec_bigtens
 .rodata.__mprec_tens
                0x0000000008005e18       0xc8 /home/arashamf/soft/ARM_toolchains/gcc-arm-none-eabi-10.3-2021.10/bin/../lib/gcc/arm-none-eabi/10.3.1/../../../../arm-none-eabi/lib/thumb/v7e-m/nofp/libc_nano.a(lib_a-mprec.o)
                0x0000000008005e18                __mprec_tens
 .rodata.p05.0  0x0000000008005ee0        0xc /home/arashamf/soft/ARM_toolchains/gcc-arm-none-eabi-10.3-2021.10/bin/../lib/gcc/arm-none-eabi/10.3.1/../../../../arm-none-eabi/lib/thumb/v7e-m/nofp/libc_nano.a(lib_a-mprec.o)
 .rodata._svfprintf_r.str1.1
                0x0000000008005eec       0x11 /home/arashamf/soft/ARM_toolchains/gcc-arm-none-eabi-10.3-2021.10/bin/../lib/gcc/arm-none-eabi/10.3.1/../../../../arm-none-eabi/lib/thumb/v7e-m/nofp/libc_nano.a(lib_a-nano-svfprintf.o)
 .rodata.__assert_func.str1.1
                0x0000000008005efd       0x3c /home/arashamf/soft/ARM_toolchains/gcc-arm-none-eabi-10.3-2021.10/bin/../lib/gcc/arm-none-eabi/10.3.1/../../../../arm-none-eabi/lib/thumb/v7e-m/nofp/libc_nano.a(lib_a-assert.o)
                                         0x3d (size before relaxing)
 .rodata._setlocale_r.str1.1
                0x0000000008005f39        0x8 /home/arashamf/soft/ARM_toolchains/gcc-arm-none-eabi-10.3-2021.10/bin/../lib/gcc/arm-none-eabi/10.3.1/../../../../arm-none-eabi/lib/thumb/v7e-m/nofp/libc_nano.a(lib_a-locale.o)
                                          0x9 (size before relaxing)
 .rodata.str1.1
                0x0000000008005f41        0x2 /home/arashamf/soft/ARM_toolchains/gcc-arm-none-eabi-10.3-2021.10/bin/../lib/gcc/arm-none-eabi/10.3.1/../../../../arm-none-eabi/lib/thumb/v7e-m/nofp/libc_nano.a(lib_a-locale.o)
 .rodata._vfprintf_r.str1.1
                0x0000000008005f43       0x11 /home/arashamf/soft/ARM_toolchains/gcc-arm-none-eabi-10.3-2021.10/bin/../lib/gcc/arm-none-eabi/10.3.1/../../../../arm-none-eabi/lib/thumb/v7e-m/nofp/libc_nano.a(lib_a-nano-vfprintf.o)
 .rodata._ctype_
                0x0000000008005f43      0x101 /home/arashamf/soft/ARM_toolchains/gcc-arm-none-eabi-10.3-2021.10/bin/../lib/gcc/arm-none-eabi/10.3.1/../../../../arm-none-eabi/lib/thumb/v7e-m/nofp/libc_nano.a(lib_a-ctype_.o)
                0x0000000008005f43                _ctype_
 .rodata.__sf_fake_stderr
                0x0000000008006044       0x20 /home/arashamf/soft/ARM_toolchains/gcc-arm-none-eabi-10.3-2021.10/bin/../lib/gcc/arm-none-eabi/10.3.1/../../../../arm-none-eabi/lib/thumb/v7e-m/nofp/libc_nano.a(lib_a-findfp.o)
                0x0000000008006044                __sf_fake_stderr
 .rodata.__sf_fake_stdin
                0x0000000008006064       0x20 /home/arashamf/soft/ARM_toolchains/gcc-arm-none-eabi-10.3-2021.10/bin/../lib/gcc/arm-none-eabi/10.3.1/../../../../arm-none-eabi/lib/thumb/v7e-m/nofp/libc_nano.a(lib_a-findfp.o)
                0x0000000008006064                __sf_fake_stdin
 .rodata.__sf_fake_stdout
                0x0000000008006084       0x20 /home/arashamf/soft/ARM_toolchains/gcc-arm-none-eabi-10.3-2021.10/bin/../lib/gcc/arm-none-eabi/10.3.1/../../../../arm-none-eabi/lib/thumb/v7e-m/nofp/libc_nano.a(lib_a-findfp.o)
                0x0000000008006084                __sf_fake_stdout
                0x00000000080060a4                . = ALIGN (0x4)

.rel.dyn        0x00000000080060a4        0x0
 .rel.iplt      0x00000000080060a4        0x0 /home/arashamf/soft/ARM_toolchains/gcc-arm-none-eabi-10.3-2021.10/bin/../lib/gcc/arm-none-eabi/10.3.1/thumb/v7e-m/nofp/crtbegin.o

.ARM.extab
 *(.ARM.extab* .gnu.linkonce.armextab.*)

.ARM            0x00000000080060a4        0x0
                0x00000000080060a4                __exidx_start = .
 *(.ARM.exidx*)
                0x00000000080060a4                __exidx_end = .

.preinit_array  0x00000000080060a4        0x0
                0x00000000080060a4                PROVIDE (__preinit_array_start = .)
 *(.preinit_array*)
                0x00000000080060a4                PROVIDE (__preinit_array_end = .)

.init_array     0x00000000080060a4        0x4
                0x00000000080060a4                PROVIDE (__init_array_start = .)
 *(SORT_BY_NAME(.init_array.*))
 *(.init_array*)
 .init_array    0x00000000080060a4        0x4 /home/arashamf/soft/ARM_toolchains/gcc-arm-none-eabi-10.3-2021.10/bin/../lib/gcc/arm-none-eabi/10.3.1/thumb/v7e-m/nofp/crtbegin.o
                0x00000000080060a8                PROVIDE (__init_array_end = .)

.fini_array     0x00000000080060a8        0x4
                [!provide]                        PROVIDE (__fini_array_start = .)
 *(SORT_BY_NAME(.fini_array.*))
 *(.fini_array*)
 .fini_array    0x00000000080060a8        0x4 /home/arashamf/soft/ARM_toolchains/gcc-arm-none-eabi-10.3-2021.10/bin/../lib/gcc/arm-none-eabi/10.3.1/thumb/v7e-m/nofp/crtbegin.o
                [!provide]                        PROVIDE (__fini_array_end = .)
                0x00000000080060ac                _sidata = LOADADDR (.data)

.data           0x0000000020000000      0x1d8 load address 0x00000000080060ac
                0x0000000020000000                . = ALIGN (0x4)
                0x0000000020000000                _sdata = .
 *(.data)
 *(.data*)
 .data.ms_delay
                0x0000000020000000        0x4 build/encoder.o
                0x0000000020000000                ms_delay
 .data.SystemCoreClock
                0x0000000020000004        0x4 build/system_gd32f30x.o
                0x0000000020000004                SystemCoreClock
 .data._impure_ptr
                0x0000000020000008        0x4 /home/arashamf/soft/ARM_toolchains/gcc-arm-none-eabi-10.3-2021.10/bin/../lib/gcc/arm-none-eabi/10.3.1/../../../../arm-none-eabi/lib/thumb/v7e-m/nofp/libc_nano.a(lib_a-impure.o)
                0x0000000020000008                _impure_ptr
 .data.impure_data
                0x000000002000000c       0x60 /home/arashamf/soft/ARM_toolchains/gcc-arm-none-eabi-10.3-2021.10/bin/../lib/gcc/arm-none-eabi/10.3.1/../../../../arm-none-eabi/lib/thumb/v7e-m/nofp/libc_nano.a(lib_a-impure.o)
 .data.__global_locale
                0x000000002000006c      0x16c /home/arashamf/soft/ARM_toolchains/gcc-arm-none-eabi-10.3-2021.10/bin/../lib/gcc/arm-none-eabi/10.3.1/../../../../arm-none-eabi/lib/thumb/v7e-m/nofp/libc_nano.a(lib_a-locale.o)
                0x000000002000006c                __global_locale
                0x00000000200001d8                . = ALIGN (0x4)
                0x00000000200001d8                _edata = .

.igot.plt       0x00000000200001d8        0x0 load address 0x0000000008006284
 .igot.plt      0x00000000200001d8        0x0 /home/arashamf/soft/ARM_toolchains/gcc-arm-none-eabi-10.3-2021.10/bin/../lib/gcc/arm-none-eabi/10.3.1/thumb/v7e-m/nofp/crtbegin.o
                0x00000000200001d8                . = ALIGN (0x4)

.bss            0x00000000200001d8      0x474 load address 0x0000000008006284
                0x00000000200001d8                _sbss = .
                0x00000000200001d8                __bss_start__ = _sbss
 *(.bss)
 .bss           0x00000000200001d8       0x1c /home/arashamf/soft/ARM_toolchains/gcc-arm-none-eabi-10.3-2021.10/bin/../lib/gcc/arm-none-eabi/10.3.1/thumb/v7e-m/nofp/crtbegin.o
 *(.bss*)
 .bss.heap.0    0x00000000200001f4        0x4 build/main.o
 .bss.delay     0x00000000200001f8        0x4 build/systick.o
 .bss.count     0x00000000200001fc        0x1 build/spi.o
                0x00000000200001fc                count
 *fill*         0x00000000200001fd        0x3 
 .bss.lcd_buf   0x0000000020000200       0x1c build/spi.o
                0x0000000020000200                lcd_buf
 .bss.cnt_timeout
                0x000000002000021c        0x1 build/encoder.o
                0x000000002000021c                cnt_timeout
 *fill*         0x000000002000021d        0x3 
 .bss.enc_count
                0x0000000020000220        0x4 build/encoder.o
                0x0000000020000220                enc_count
 .bss.flag_dir  0x0000000020000224        0x1 build/encoder.o
                0x0000000020000224                flag_dir
 .bss.flag_rev  0x0000000020000225        0x1 build/encoder.o
                0x0000000020000225                flag_rev
 .bss.state_machine
                0x0000000020000226        0x1 build/encoder.o
                0x0000000020000226                state_machine
 .bss.val_new   0x0000000020000227        0x1 build/encoder.o
                0x0000000020000227                val_new
 .bss.val_old   0x0000000020000228        0x1 build/encoder.o
                0x0000000020000228                val_old
 .bss.flag_end_delay
                0x0000000020000229        0x1 build/tim.o
                0x0000000020000229                flag_end_delay
 *fill*         0x000000002000022a        0x2 
 .bss.oled_buffer
                0x000000002000022c      0x400 build/OLED.o
                0x000000002000022c                oled_buffer
 .bss.Font      0x000000002000062c       0x10 build/OLED_Fonts.o
                0x000000002000062c                Font
 .bss.__malloc_free_list
                0x000000002000063c        0x4 /home/arashamf/soft/ARM_toolchains/gcc-arm-none-eabi-10.3-2021.10/bin/../lib/gcc/arm-none-eabi/10.3.1/../../../../arm-none-eabi/lib/thumb/v7e-m/nofp/libc_nano.a(lib_a-nano-mallocr.o)
                0x000000002000063c                __malloc_free_list
 .bss.__malloc_sbrk_start
                0x0000000020000640        0x4 /home/arashamf/soft/ARM_toolchains/gcc-arm-none-eabi-10.3-2021.10/bin/../lib/gcc/arm-none-eabi/10.3.1/../../../../arm-none-eabi/lib/thumb/v7e-m/nofp/libc_nano.a(lib_a-nano-mallocr.o)
                0x0000000020000640                __malloc_sbrk_start
 .bss.errno     0x0000000020000644        0x4 /home/arashamf/soft/ARM_toolchains/gcc-arm-none-eabi-10.3-2021.10/bin/../lib/gcc/arm-none-eabi/10.3.1/../../../../arm-none-eabi/lib/thumb/v7e-m/nofp/libc_nano.a(lib_a-reent.o)
                0x0000000020000644                errno
 .bss.__lock___malloc_recursive_mutex
                0x0000000020000648        0x1 /home/arashamf/soft/ARM_toolchains/gcc-arm-none-eabi-10.3-2021.10/bin/../lib/gcc/arm-none-eabi/10.3.1/../../../../arm-none-eabi/lib/thumb/v7e-m/nofp/libc_nano.a(lib_a-lock.o)
                0x0000000020000648                __lock___malloc_recursive_mutex
 .bss.__lock___sfp_recursive_mutex
                0x0000000020000649        0x1 /home/arashamf/soft/ARM_toolchains/gcc-arm-none-eabi-10.3-2021.10/bin/../lib/gcc/arm-none-eabi/10.3.1/../../../../arm-none-eabi/lib/thumb/v7e-m/nofp/libc_nano.a(lib_a-lock.o)
                0x0000000020000649                __lock___sfp_recursive_mutex
 .bss.__lock___sinit_recursive_mutex
                0x000000002000064a        0x1 /home/arashamf/soft/ARM_toolchains/gcc-arm-none-eabi-10.3-2021.10/bin/../lib/gcc/arm-none-eabi/10.3.1/../../../../arm-none-eabi/lib/thumb/v7e-m/nofp/libc_nano.a(lib_a-lock.o)
                0x000000002000064a                __lock___sinit_recursive_mutex
 *(COMMON)
                0x000000002000064c                . = ALIGN (0x4)
 *fill*         0x000000002000064b        0x1 
                0x000000002000064c                _ebss = .
                0x000000002000064c                __bss_end__ = _ebss

._user_heap_stack
                0x000000002000064c      0x604 load address 0x0000000008006284
                0x0000000020000650                . = ALIGN (0x8)
 *fill*         0x000000002000064c        0x4 
                [!provide]                        PROVIDE (end = .)
                0x0000000020000650                PROVIDE (_end = .)
                0x0000000020000850                . = (. + _Min_Heap_Size)
 *fill*         0x0000000020000650      0x200 
                0x0000000020000c50                . = (. + _Min_Stack_Size)
 *fill*         0x0000000020000850      0x400 
                0x0000000020000c50                . = ALIGN (0x8)

/DISCARD/
 libc.a(*)
 libm.a(*)
 libgcc.a(*)

.ARM.attributes
                0x0000000000000000       0x2a
 *(.ARM.attributes)
 .ARM.attributes
                0x0000000000000000       0x1e /home/arashamf/soft/ARM_toolchains/gcc-arm-none-eabi-10.3-2021.10/bin/../lib/gcc/arm-none-eabi/10.3.1/thumb/v7e-m/nofp/crti.o
 .ARM.attributes
                0x000000000000001e       0x2e /home/arashamf/soft/ARM_toolchains/gcc-arm-none-eabi-10.3-2021.10/bin/../lib/gcc/arm-none-eabi/10.3.1/thumb/v7e-m/nofp/crtbegin.o
 .ARM.attributes
                0x000000000000004c       0x2e build/gd32f30x_it.o
 .ARM.attributes
                0x000000000000007a       0x2e build/gpio.o
 .ARM.attributes
                0x00000000000000a8       0x2e build/main.o
 .ARM.attributes
                0x00000000000000d6       0x2e build/systick.o
 .ARM.attributes
                0x0000000000000104       0x2e build/usart.o
 .ARM.attributes
                0x0000000000000132       0x2e build/spi.o
 .ARM.attributes
                0x0000000000000160       0x2e build/encoder.o
 .ARM.attributes
                0x000000000000018e       0x2e build/tim.o
 .ARM.attributes
                0x00000000000001bc       0x2e build/OLED.o
 .ARM.attributes
                0x00000000000001ea       0x2e build/OLED_Fonts.o
 .ARM.attributes
                0x0000000000000218       0x2e build/gd32f30x_dma.o
 .ARM.attributes
                0x0000000000000246       0x2e build/gd32f30x_gpio.o
 .ARM.attributes
                0x0000000000000274       0x2e build/gd32f30x_misc.o
 .ARM.attributes
                0x00000000000002a2       0x2e build/gd32f30x_rcu.o
 .ARM.attributes
                0x00000000000002d0       0x2e build/gd32f30x_spi.o
 .ARM.attributes
                0x00000000000002fe       0x2e build/gd32f30x_timer.o
 .ARM.attributes
                0x000000000000032c       0x2e build/gd32f30x_usart.o
 .ARM.attributes
                0x000000000000035a       0x2e build/system_gd32f30x.o
 .ARM.attributes
                0x0000000000000388       0x21 build/startup_gd32f303x_hd.o
 .ARM.attributes
                0x00000000000003a9       0x2e /home/arashamf/soft/ARM_toolchains/gcc-arm-none-eabi-10.3-2021.10/bin/../lib/gcc/arm-none-eabi/10.3.1/../../../../arm-none-eabi/lib/thumb/v7e-m/nofp/libc_nano.a(lib_a-impure.o)
 .ARM.attributes
                0x00000000000003d7       0x2e /home/arashamf/soft/ARM_toolchains/gcc-arm-none-eabi-10.3-2021.10/bin/../lib/gcc/arm-none-eabi/10.3.1/../../../../arm-none-eabi/lib/thumb/v7e-m/nofp/libc_nano.a(lib_a-init.o)
 .ARM.attributes
                0x0000000000000405       0x2e /home/arashamf/soft/ARM_toolchains/gcc-arm-none-eabi-10.3-2021.10/bin/../lib/gcc/arm-none-eabi/10.3.1/../../../../arm-none-eabi/lib/thumb/v7e-m/nofp/libc_nano.a(lib_a-memset.o)
 .ARM.attributes
                0x0000000000000433       0x2e /home/arashamf/soft/ARM_toolchains/gcc-arm-none-eabi-10.3-2021.10/bin/../lib/gcc/arm-none-eabi/10.3.1/../../../../arm-none-eabi/lib/thumb/v7e-m/nofp/libc_nano.a(lib_a-nano-vfprintf_float.o)
 .ARM.attributes
                0x0000000000000461       0x2e /home/arashamf/soft/ARM_toolchains/gcc-arm-none-eabi-10.3-2021.10/bin/../lib/gcc/arm-none-eabi/10.3.1/../../../../arm-none-eabi/lib/thumb/v7e-m/nofp/libc_nano.a(lib_a-nano-vfprintf_i.o)
 .ARM.attributes
                0x000000000000048f       0x2e /home/arashamf/soft/ARM_toolchains/gcc-arm-none-eabi-10.3-2021.10/bin/../lib/gcc/arm-none-eabi/10.3.1/../../../../arm-none-eabi/lib/thumb/v7e-m/nofp/libc_nano.a(lib_a-snprintf.o)
 .ARM.attributes
                0x00000000000004bd       0x17 /home/arashamf/soft/ARM_toolchains/gcc-arm-none-eabi-10.3-2021.10/bin/../lib/gcc/arm-none-eabi/10.3.1/../../../../arm-none-eabi/lib/thumb/v7e-m/nofp/libc_nano.a(lib_a-strlen.o)
 .ARM.attributes
                0x00000000000004d4       0x2e /home/arashamf/soft/ARM_toolchains/gcc-arm-none-eabi-10.3-2021.10/bin/../lib/gcc/arm-none-eabi/10.3.1/../../../../arm-none-eabi/lib/thumb/v7e-m/nofp/libc_nano.a(lib_a-dtoa.o)
 .ARM.attributes
                0x0000000000000502       0x2e /home/arashamf/soft/ARM_toolchains/gcc-arm-none-eabi-10.3-2021.10/bin/../lib/gcc/arm-none-eabi/10.3.1/../../../../arm-none-eabi/lib/thumb/v7e-m/nofp/libc_nano.a(lib_a-localeconv.o)
 .ARM.attributes
                0x0000000000000530       0x2e /home/arashamf/soft/ARM_toolchains/gcc-arm-none-eabi-10.3-2021.10/bin/../lib/gcc/arm-none-eabi/10.3.1/../../../../arm-none-eabi/lib/thumb/v7e-m/nofp/libc_nano.a(lib_a-malloc.o)
 .ARM.attributes
                0x000000000000055e       0x1c /home/arashamf/soft/ARM_toolchains/gcc-arm-none-eabi-10.3-2021.10/bin/../lib/gcc/arm-none-eabi/10.3.1/../../../../arm-none-eabi/lib/thumb/v7e-m/nofp/libc_nano.a(lib_a-memchr.o)
 .ARM.attributes
                0x000000000000057a       0x2e /home/arashamf/soft/ARM_toolchains/gcc-arm-none-eabi-10.3-2021.10/bin/../lib/gcc/arm-none-eabi/10.3.1/../../../../arm-none-eabi/lib/thumb/v7e-m/nofp/libc_nano.a(lib_a-memcpy-stub.o)
 .ARM.attributes
                0x00000000000005a8       0x2e /home/arashamf/soft/ARM_toolchains/gcc-arm-none-eabi-10.3-2021.10/bin/../lib/gcc/arm-none-eabi/10.3.1/../../../../arm-none-eabi/lib/thumb/v7e-m/nofp/libc_nano.a(lib_a-mprec.o)
 .ARM.attributes
                0x00000000000005d6       0x2e /home/arashamf/soft/ARM_toolchains/gcc-arm-none-eabi-10.3-2021.10/bin/../lib/gcc/arm-none-eabi/10.3.1/../../../../arm-none-eabi/lib/thumb/v7e-m/nofp/libc_nano.a(lib_a-nano-callocr.o)
 .ARM.attributes
                0x0000000000000604       0x2e /home/arashamf/soft/ARM_toolchains/gcc-arm-none-eabi-10.3-2021.10/bin/../lib/gcc/arm-none-eabi/10.3.1/../../../../arm-none-eabi/lib/thumb/v7e-m/nofp/libc_nano.a(lib_a-nano-freer.o)
 .ARM.attributes
                0x0000000000000632       0x2e /home/arashamf/soft/ARM_toolchains/gcc-arm-none-eabi-10.3-2021.10/bin/../lib/gcc/arm-none-eabi/10.3.1/../../../../arm-none-eabi/lib/thumb/v7e-m/nofp/libc_nano.a(lib_a-nano-mallocr.o)
 .ARM.attributes
                0x0000000000000660       0x2e /home/arashamf/soft/ARM_toolchains/gcc-arm-none-eabi-10.3-2021.10/bin/../lib/gcc/arm-none-eabi/10.3.1/../../../../arm-none-eabi/lib/thumb/v7e-m/nofp/libc_nano.a(lib_a-nano-svfprintf.o)
 .ARM.attributes
                0x000000000000068e       0x2e /home/arashamf/soft/ARM_toolchains/gcc-arm-none-eabi-10.3-2021.10/bin/../lib/gcc/arm-none-eabi/10.3.1/../../../../arm-none-eabi/lib/thumb/v7e-m/nofp/libc_nano.a(lib_a-sbrkr.o)
 .ARM.attributes
                0x00000000000006bc       0x2e /home/arashamf/soft/ARM_toolchains/gcc-arm-none-eabi-10.3-2021.10/bin/../lib/gcc/arm-none-eabi/10.3.1/../../../../arm-none-eabi/lib/thumb/v7e-m/nofp/libc_nano.a(lib_a-assert.o)
 .ARM.attributes
                0x00000000000006ea       0x2e /home/arashamf/soft/ARM_toolchains/gcc-arm-none-eabi-10.3-2021.10/bin/../lib/gcc/arm-none-eabi/10.3.1/../../../../arm-none-eabi/lib/thumb/v7e-m/nofp/libc_nano.a(lib_a-fprintf.o)
 .ARM.attributes
                0x0000000000000718       0x2e /home/arashamf/soft/ARM_toolchains/gcc-arm-none-eabi-10.3-2021.10/bin/../lib/gcc/arm-none-eabi/10.3.1/../../../../arm-none-eabi/lib/thumb/v7e-m/nofp/libc_nano.a(lib_a-locale.o)
 .ARM.attributes
                0x0000000000000746       0x2e /home/arashamf/soft/ARM_toolchains/gcc-arm-none-eabi-10.3-2021.10/bin/../lib/gcc/arm-none-eabi/10.3.1/../../../../arm-none-eabi/lib/thumb/v7e-m/nofp/libc_nano.a(lib_a-mbtowc_r.o)
 .ARM.attributes
                0x0000000000000774       0x2e /home/arashamf/soft/ARM_toolchains/gcc-arm-none-eabi-10.3-2021.10/bin/../lib/gcc/arm-none-eabi/10.3.1/../../../../arm-none-eabi/lib/thumb/v7e-m/nofp/libc_nano.a(lib_a-memmove.o)
 .ARM.attributes
                0x00000000000007a2       0x2e /home/arashamf/soft/ARM_toolchains/gcc-arm-none-eabi-10.3-2021.10/bin/../lib/gcc/arm-none-eabi/10.3.1/../../../../arm-none-eabi/lib/thumb/v7e-m/nofp/libc_nano.a(lib_a-mlock.o)
 .ARM.attributes
                0x00000000000007d0       0x2e /home/arashamf/soft/ARM_toolchains/gcc-arm-none-eabi-10.3-2021.10/bin/../lib/gcc/arm-none-eabi/10.3.1/../../../../arm-none-eabi/lib/thumb/v7e-m/nofp/libc_nano.a(lib_a-nano-reallocr.o)
 .ARM.attributes
                0x00000000000007fe       0x2e /home/arashamf/soft/ARM_toolchains/gcc-arm-none-eabi-10.3-2021.10/bin/../lib/gcc/arm-none-eabi/10.3.1/../../../../arm-none-eabi/lib/thumb/v7e-m/nofp/libc_nano.a(lib_a-nano-vfprintf.o)
 .ARM.attributes
                0x000000000000082c       0x2e /home/arashamf/soft/ARM_toolchains/gcc-arm-none-eabi-10.3-2021.10/bin/../lib/gcc/arm-none-eabi/10.3.1/../../../../arm-none-eabi/lib/thumb/v7e-m/nofp/libc_nano.a(lib_a-reent.o)
 .ARM.attributes
                0x000000000000085a       0x2e /home/arashamf/soft/ARM_toolchains/gcc-arm-none-eabi-10.3-2021.10/bin/../lib/gcc/arm-none-eabi/10.3.1/../../../../arm-none-eabi/lib/thumb/v7e-m/nofp/libc_nano.a(lib_a-wbuf.o)
 .ARM.attributes
                0x0000000000000888       0x2e /home/arashamf/soft/ARM_toolchains/gcc-arm-none-eabi-10.3-2021.10/bin/../lib/gcc/arm-none-eabi/10.3.1/../../../../arm-none-eabi/lib/thumb/v7e-m/nofp/libc_nano.a(lib_a-wctomb_r.o)
 .ARM.attributes
                0x00000000000008b6       0x2e /home/arashamf/soft/ARM_toolchains/gcc-arm-none-eabi-10.3-2021.10/bin/../lib/gcc/arm-none-eabi/10.3.1/../../../../arm-none-eabi/lib/thumb/v7e-m/nofp/libc_nano.a(lib_a-wsetup.o)
 .ARM.attributes
                0x00000000000008e4       0x2e /home/arashamf/soft/ARM_toolchains/gcc-arm-none-eabi-10.3-2021.10/bin/../lib/gcc/arm-none-eabi/10.3.1/../../../../arm-none-eabi/lib/thumb/v7e-m/nofp/libc_nano.a(lib_a-ctype_.o)
 .ARM.attributes
                0x0000000000000912       0x2e /home/arashamf/soft/ARM_toolchains/gcc-arm-none-eabi-10.3-2021.10/bin/../lib/gcc/arm-none-eabi/10.3.1/../../../../arm-none-eabi/lib/thumb/v7e-m/nofp/libc_nano.a(lib_a-fflush.o)
 .ARM.attributes
                0x0000000000000940       0x2e /home/arashamf/soft/ARM_toolchains/gcc-arm-none-eabi-10.3-2021.10/bin/../lib/gcc/arm-none-eabi/10.3.1/../../../../arm-none-eabi/lib/thumb/v7e-m/nofp/libc_nano.a(lib_a-findfp.o)
 .ARM.attributes
                0x000000000000096e       0x2e /home/arashamf/soft/ARM_toolchains/gcc-arm-none-eabi-10.3-2021.10/bin/../lib/gcc/arm-none-eabi/10.3.1/../../../../arm-none-eabi/lib/thumb/v7e-m/nofp/libc_nano.a(lib_a-fwalk.o)
 .ARM.attributes
                0x000000000000099c       0x2e /home/arashamf/soft/ARM_toolchains/gcc-arm-none-eabi-10.3-2021.10/bin/../lib/gcc/arm-none-eabi/10.3.1/../../../../arm-none-eabi/lib/thumb/v7e-m/nofp/libc_nano.a(lib_a-lock.o)
 .ARM.attributes
                0x00000000000009ca       0x2e /home/arashamf/soft/ARM_toolchains/gcc-arm-none-eabi-10.3-2021.10/bin/../lib/gcc/arm-none-eabi/10.3.1/../../../../arm-none-eabi/lib/thumb/v7e-m/nofp/libc_nano.a(lib_a-makebuf.o)
 .ARM.attributes
                0x00000000000009f8       0x2e /home/arashamf/soft/ARM_toolchains/gcc-arm-none-eabi-10.3-2021.10/bin/../lib/gcc/arm-none-eabi/10.3.1/../../../../arm-none-eabi/lib/thumb/v7e-m/nofp/libc_nano.a(lib_a-nano-msizer.o)
 .ARM.attributes
                0x0000000000000a26       0x2e /home/arashamf/soft/ARM_toolchains/gcc-arm-none-eabi-10.3-2021.10/bin/../lib/gcc/arm-none-eabi/10.3.1/../../../../arm-none-eabi/lib/thumb/v7e-m/nofp/libc_nano.a(lib_a-stdio.o)
 .ARM.attributes
                0x0000000000000a54       0x2e /home/arashamf/soft/ARM_toolchains/gcc-arm-none-eabi-10.3-2021.10/bin/../lib/gcc/arm-none-eabi/10.3.1/../../../../arm-none-eabi/lib/thumb/v7e-m/nofp/libc_nano.a(lib_a-writer.o)
 .ARM.attributes
                0x0000000000000a82       0x2e /home/arashamf/soft/ARM_toolchains/gcc-arm-none-eabi-10.3-2021.10/bin/../lib/gcc/arm-none-eabi/10.3.1/../../../../arm-none-eabi/lib/thumb/v7e-m/nofp/libc_nano.a(lib_a-closer.o)
 .ARM.attributes
                0x0000000000000ab0       0x2e /home/arashamf/soft/ARM_toolchains/gcc-arm-none-eabi-10.3-2021.10/bin/../lib/gcc/arm-none-eabi/10.3.1/../../../../arm-none-eabi/lib/thumb/v7e-m/nofp/libc_nano.a(lib_a-fstatr.o)
 .ARM.attributes
                0x0000000000000ade       0x2e /home/arashamf/soft/ARM_toolchains/gcc-arm-none-eabi-10.3-2021.10/bin/../lib/gcc/arm-none-eabi/10.3.1/../../../../arm-none-eabi/lib/thumb/v7e-m/nofp/libc_nano.a(lib_a-isattyr.o)
 .ARM.attributes
                0x0000000000000b0c       0x2e /home/arashamf/soft/ARM_toolchains/gcc-arm-none-eabi-10.3-2021.10/bin/../lib/gcc/arm-none-eabi/10.3.1/../../../../arm-none-eabi/lib/thumb/v7e-m/nofp/libc_nano.a(lib_a-lseekr.o)
 .ARM.attributes
                0x0000000000000b3a       0x2e /home/arashamf/soft/ARM_toolchains/gcc-arm-none-eabi-10.3-2021.10/bin/../lib/gcc/arm-none-eabi/10.3.1/../../../../arm-none-eabi/lib/thumb/v7e-m/nofp/libc_nano.a(lib_a-readr.o)
 .ARM.attributes
                0x0000000000000b68       0x1e /home/arashamf/soft/ARM_toolchains/gcc-arm-none-eabi-10.3-2021.10/bin/../lib/gcc/arm-none-eabi/10.3.1/thumb/v7e-m/nofp/libgcc.a(_arm_addsubdf3.o)
 .ARM.attributes
                0x0000000000000b86       0x1e /home/arashamf/soft/ARM_toolchains/gcc-arm-none-eabi-10.3-2021.10/bin/../lib/gcc/arm-none-eabi/10.3.1/thumb/v7e-m/nofp/libgcc.a(_arm_muldivdf3.o)
 .ARM.attributes
                0x0000000000000ba4       0x1e /home/arashamf/soft/ARM_toolchains/gcc-arm-none-eabi-10.3-2021.10/bin/../lib/gcc/arm-none-eabi/10.3.1/thumb/v7e-m/nofp/libgcc.a(_arm_cmpdf2.o)
 .ARM.attributes
                0x0000000000000bc2       0x1e /home/arashamf/soft/ARM_toolchains/gcc-arm-none-eabi-10.3-2021.10/bin/../lib/gcc/arm-none-eabi/10.3.1/thumb/v7e-m/nofp/libgcc.a(_arm_unorddf2.o)
 .ARM.attributes
                0x0000000000000be0       0x1e /home/arashamf/soft/ARM_toolchains/gcc-arm-none-eabi-10.3-2021.10/bin/../lib/gcc/arm-none-eabi/10.3.1/thumb/v7e-m/nofp/libgcc.a(_arm_fixdfsi.o)
 .ARM.attributes
                0x0000000000000bfe       0x1e /home/arashamf/soft/ARM_toolchains/gcc-arm-none-eabi-10.3-2021.10/bin/../lib/gcc/arm-none-eabi/10.3.1/thumb/v7e-m/nofp/crtn.o
OUTPUT(build/test.elf elf32-littlearm)
LOAD linker stubs
LOAD /home/arashamf/soft/ARM_toolchains/gcc-arm-none-eabi-10.3-2021.10/bin/../lib/gcc/arm-none-eabi/10.3.1/../../../../arm-none-eabi/lib/thumb/v7e-m/nofp/libc.a
LOAD /home/arashamf/soft/ARM_toolchains/gcc-arm-none-eabi-10.3-2021.10/bin/../lib/gcc/arm-none-eabi/10.3.1/../../../../arm-none-eabi/lib/thumb/v7e-m/nofp/libm.a
LOAD /home/arashamf/soft/ARM_toolchains/gcc-arm-none-eabi-10.3-2021.10/bin/../lib/gcc/arm-none-eabi/10.3.1/thumb/v7e-m/nofp/libgcc.a

.debug_info     0x0000000000000000     0xc0e2
 .debug_info    0x0000000000000000      0x296 build/gd32f30x_it.o
 .debug_info    0x0000000000000296      0x665 build/gpio.o
 .debug_info    0x00000000000008fb      0x81e build/main.o
 .debug_info    0x0000000000001119      0x763 build/systick.o
 .debug_info    0x000000000000187c      0xee7 build/usart.o
 .debug_info    0x0000000000002763      0xae4 build/spi.o
 .debug_info    0x0000000000003247      0x41a build/encoder.o
 .debug_info    0x0000000000003661      0x6c7 build/tim.o
 .debug_info    0x0000000000003d28     0x1e27 build/OLED.o
 .debug_info    0x0000000000005b4f      0x306 build/OLED_Fonts.o
 .debug_info    0x0000000000005e55      0xd18 build/gd32f30x_dma.o
 .debug_info    0x0000000000006b6d      0x854 build/gd32f30x_gpio.o
 .debug_info    0x00000000000073c1      0x5e8 build/gd32f30x_misc.o
 .debug_info    0x00000000000079a9      0xfea build/gd32f30x_rcu.o
 .debug_info    0x0000000000008993      0xbfc build/gd32f30x_spi.o
 .debug_info    0x000000000000958f     0x1826 build/gd32f30x_timer.o
 .debug_info    0x000000000000adb5     0x10c2 build/gd32f30x_usart.o
 .debug_info    0x000000000000be77      0x249 build/system_gd32f30x.o
 .debug_info    0x000000000000c0c0       0x22 build/startup_gd32f303x_hd.o

.debug_abbrev   0x0000000000000000     0x2031
 .debug_abbrev  0x0000000000000000       0xd9 build/gd32f30x_it.o
 .debug_abbrev  0x00000000000000d9       0xbf build/gpio.o
 .debug_abbrev  0x0000000000000198      0x294 build/main.o
 .debug_abbrev  0x000000000000042c      0x1ca build/systick.o
 .debug_abbrev  0x00000000000005f6      0x2bd build/usart.o
 .debug_abbrev  0x00000000000008b3      0x1c8 build/spi.o
 .debug_abbrev  0x0000000000000a7b      0x172 build/encoder.o
 .debug_abbrev  0x0000000000000bed      0x163 build/tim.o
 .debug_abbrev  0x0000000000000d50      0x2d5 build/OLED.o
 .debug_abbrev  0x0000000000001025      0x10d build/OLED_Fonts.o
 .debug_abbrev  0x0000000000001132      0x22a build/gd32f30x_dma.o
 .debug_abbrev  0x000000000000135c      0x230 build/gd32f30x_gpio.o
 .debug_abbrev  0x000000000000158c      0x155 build/gd32f30x_misc.o
 .debug_abbrev  0x00000000000016e1      0x1e4 build/gd32f30x_rcu.o
 .debug_abbrev  0x00000000000018c5      0x1f3 build/gd32f30x_spi.o
 .debug_abbrev  0x0000000000001ab8      0x1f5 build/gd32f30x_timer.o
 .debug_abbrev  0x0000000000001cad      0x237 build/gd32f30x_usart.o
 .debug_abbrev  0x0000000000001ee4      0x13b build/system_gd32f30x.o
 .debug_abbrev  0x000000000000201f       0x12 build/startup_gd32f303x_hd.o

.debug_loc      0x0000000000000000     0x67cb
 .debug_loc     0x0000000000000000       0x80 build/gd32f30x_it.o
 .debug_loc     0x0000000000000080       0xc0 build/gpio.o
 .debug_loc     0x0000000000000140      0x2c7 build/main.o
 .debug_loc     0x0000000000000407       0x90 build/systick.o
 .debug_loc     0x0000000000000497      0x201 build/usart.o
 .debug_loc     0x0000000000000698      0x1a4 build/spi.o
 .debug_loc     0x000000000000083c       0x70 build/encoder.o
 .debug_loc     0x00000000000008ac       0x9d build/tim.o
 .debug_loc     0x0000000000000949     0x1edb build/OLED.o
 .debug_loc     0x0000000000002824      0xdfe build/gd32f30x_dma.o
 .debug_loc     0x0000000000003622      0x602 build/gd32f30x_gpio.o
 .debug_loc     0x0000000000003c24      0x2bb build/gd32f30x_misc.o
 .debug_loc     0x0000000000003edf      0xa91 build/gd32f30x_rcu.o
 .debug_loc     0x0000000000004970      0x500 build/gd32f30x_spi.o
 .debug_loc     0x0000000000004e70      0xf4c build/gd32f30x_timer.o
 .debug_loc     0x0000000000005dbc      0x874 build/gd32f30x_usart.o
 .debug_loc     0x0000000000006630      0x19b build/system_gd32f30x.o

.debug_aranges  0x0000000000000000      0xc78
 .debug_aranges
                0x0000000000000000       0x78 build/gd32f30x_it.o
 .debug_aranges
                0x0000000000000078       0x48 build/gpio.o
 .debug_aranges
                0x00000000000000c0       0x68 build/main.o
 .debug_aranges
                0x0000000000000128       0x30 build/systick.o
 .debug_aranges
                0x0000000000000158       0x38 build/usart.o
 .debug_aranges
                0x0000000000000190       0x50 build/spi.o
 .debug_aranges
                0x00000000000001e0       0x28 build/encoder.o
 .debug_aranges
                0x0000000000000208       0x30 build/tim.o
 .debug_aranges
                0x0000000000000238      0x128 build/OLED.o
 .debug_aranges
                0x0000000000000360       0x20 build/OLED_Fonts.o
 .debug_aranges
                0x0000000000000380       0xf8 build/gd32f30x_dma.o
 .debug_aranges
                0x0000000000000478       0xb0 build/gd32f30x_gpio.o
 .debug_aranges
                0x0000000000000528       0x50 build/gd32f30x_misc.o
 .debug_aranges
                0x0000000000000578      0x150 build/gd32f30x_rcu.o
 .debug_aranges
                0x00000000000006c8      0x158 build/gd32f30x_spi.o
 .debug_aranges
                0x0000000000000820      0x250 build/gd32f30x_timer.o
 .debug_aranges
                0x0000000000000a70      0x1a8 build/gd32f30x_usart.o
 .debug_aranges
                0x0000000000000c18       0x38 build/system_gd32f30x.o
 .debug_aranges
                0x0000000000000c50       0x28 build/startup_gd32f303x_hd.o

.debug_ranges   0x0000000000000000      0xc70
 .debug_ranges  0x0000000000000000       0x68 build/gd32f30x_it.o
 .debug_ranges  0x0000000000000068       0x38 build/gpio.o
 .debug_ranges  0x00000000000000a0       0x70 build/main.o
 .debug_ranges  0x0000000000000110       0x20 build/systick.o
 .debug_ranges  0x0000000000000130       0x28 build/usart.o
 .debug_ranges  0x0000000000000158       0x40 build/spi.o
 .debug_ranges  0x0000000000000198       0x18 build/encoder.o
 .debug_ranges  0x00000000000001b0       0x20 build/tim.o
 .debug_ranges  0x00000000000001d0      0x220 build/OLED.o
 .debug_ranges  0x00000000000003f0       0x10 build/OLED_Fonts.o
 .debug_ranges  0x0000000000000400       0xe8 build/gd32f30x_dma.o
 .debug_ranges  0x00000000000004e8       0xa0 build/gd32f30x_gpio.o
 .debug_ranges  0x0000000000000588       0x40 build/gd32f30x_misc.o
 .debug_ranges  0x00000000000005c8      0x140 build/gd32f30x_rcu.o
 .debug_ranges  0x0000000000000708      0x148 build/gd32f30x_spi.o
 .debug_ranges  0x0000000000000850      0x240 build/gd32f30x_timer.o
 .debug_ranges  0x0000000000000a90      0x198 build/gd32f30x_usart.o
 .debug_ranges  0x0000000000000c28       0x28 build/system_gd32f30x.o
 .debug_ranges  0x0000000000000c50       0x20 build/startup_gd32f303x_hd.o

.debug_line     0x0000000000000000     0x7a94
 .debug_line    0x0000000000000000      0x2d3 build/gd32f30x_it.o
 .debug_line    0x00000000000002d3      0x23c build/gpio.o
 .debug_line    0x000000000000050f      0x50b build/main.o
 .debug_line    0x0000000000000a1a      0x2af build/systick.o
 .debug_line    0x0000000000000cc9      0x3f6 build/usart.o
 .debug_line    0x00000000000010bf      0x49e build/spi.o
 .debug_line    0x000000000000155d      0x51a build/encoder.o
 .debug_line    0x0000000000001a77      0x271 build/tim.o
 .debug_line    0x0000000000001ce8     0x1065 build/OLED.o
 .debug_line    0x0000000000002d4d      0x177 build/OLED_Fonts.o
 .debug_line    0x0000000000002ec4      0x9a2 build/gd32f30x_dma.o
 .debug_line    0x0000000000003866      0x719 build/gd32f30x_gpio.o
 .debug_line    0x0000000000003f7f      0x2e4 build/gd32f30x_misc.o
 .debug_line    0x0000000000004263      0xb13 build/gd32f30x_rcu.o
 .debug_line    0x0000000000004d76      0x90e build/gd32f30x_spi.o
 .debug_line    0x0000000000005684     0x1582 build/gd32f30x_timer.o
 .debug_line    0x0000000000006c06      0x9ac build/gd32f30x_usart.o
 .debug_line    0x00000000000075b2      0x46d build/system_gd32f30x.o
 .debug_line    0x0000000000007a1f       0x75 build/startup_gd32f303x_hd.o

.debug_str      0x0000000000000000     0x3f79
 .debug_str     0x0000000000000000      0x2a6 build/gd32f30x_it.o
                                        0x2e8 (size before relaxing)
 .debug_str     0x00000000000002a6      0x247 build/gpio.o
                                        0x3cc (size before relaxing)
 .debug_str     0x00000000000004ed      0x3a2 build/main.o
                                        0x572 (size before relaxing)
 .debug_str     0x000000000000088f      0x52a build/systick.o
                                        0x6df (size before relaxing)
 .debug_str     0x0000000000000db9      0x406 build/usart.o
                                        0x8a0 (size before relaxing)
 .debug_str     0x00000000000011bf      0x20d build/spi.o
                                        0xa39 (size before relaxing)
 .debug_str     0x00000000000013cc       0xad build/encoder.o
                                        0x34f (size before relaxing)
 .debug_str     0x0000000000001479      0x133 build/tim.o
                                        0x8cd (size before relaxing)
 .debug_str     0x00000000000015ac      0x38c build/OLED.o
                                        0x61f (size before relaxing)
 .debug_str     0x0000000000001938       0x7c build/OLED_Fonts.o
                                        0x25b (size before relaxing)
 .debug_str     0x00000000000019b4      0x237 build/gd32f30x_dma.o
                                        0x58a (size before relaxing)
 .debug_str     0x0000000000001beb      0x3d6 build/gd32f30x_gpio.o
                                        0x5ed (size before relaxing)
 .debug_str     0x0000000000001fc1      0x134 build/gd32f30x_misc.o
                                        0x3a1 (size before relaxing)
 .debug_str     0x00000000000020f5      0x83a build/gd32f30x_rcu.o
                                        0xdcb (size before relaxing)
 .debug_str     0x000000000000292f      0x3bc build/gd32f30x_spi.o
                                        0x7fd (size before relaxing)
 .debug_str     0x0000000000002ceb      0xa5a build/gd32f30x_timer.o
                                        0xf44 (size before relaxing)
 .debug_str     0x0000000000003745      0x7bb build/gd32f30x_usart.o
                                        0xcd9 (size before relaxing)
 .debug_str     0x0000000000003f00       0x54 build/system_gd32f30x.o
                                        0x25e (size before relaxing)
 .debug_str     0x0000000000003f54       0x25 build/startup_gd32f303x_hd.o
                                         0x43 (size before relaxing)

.comment        0x0000000000000000       0x49
 .comment       0x0000000000000000       0x49 build/gd32f30x_it.o
                                         0x4a (size before relaxing)
 .comment       0x0000000000000049       0x4a build/gpio.o
 .comment       0x0000000000000049       0x4a build/main.o
 .comment       0x0000000000000049       0x4a build/systick.o
 .comment       0x0000000000000049       0x4a build/usart.o
 .comment       0x0000000000000049       0x4a build/spi.o
 .comment       0x0000000000000049       0x4a build/encoder.o
 .comment       0x0000000000000049       0x4a build/tim.o
 .comment       0x0000000000000049       0x4a build/OLED.o
 .comment       0x0000000000000049       0x4a build/OLED_Fonts.o
 .comment       0x0000000000000049       0x4a build/gd32f30x_dma.o
 .comment       0x0000000000000049       0x4a build/gd32f30x_gpio.o
 .comment       0x0000000000000049       0x4a build/gd32f30x_misc.o
 .comment       0x0000000000000049       0x4a build/gd32f30x_rcu.o
 .comment       0x0000000000000049       0x4a build/gd32f30x_spi.o
 .comment       0x0000000000000049       0x4a build/gd32f30x_timer.o
 .comment       0x0000000000000049       0x4a build/gd32f30x_usart.o
 .comment       0x0000000000000049       0x4a build/system_gd32f30x.o

.debug_frame    0x0000000000000000     0x2c68
 .debug_frame   0x0000000000000000       0xf0 build/gd32f30x_it.o
 .debug_frame   0x00000000000000f0       0xa0 build/gpio.o
 .debug_frame   0x0000000000000190       0xcc build/main.o
 .debug_frame   0x000000000000025c       0x40 build/systick.o
 .debug_frame   0x000000000000029c       0x78 build/usart.o
 .debug_frame   0x0000000000000314       0xcc build/spi.o
 .debug_frame   0x00000000000003e0       0x50 build/encoder.o
 .debug_frame   0x0000000000000430       0x64 build/tim.o
 .debug_frame   0x0000000000000494      0x428 build/OLED.o
 .debug_frame   0x00000000000008bc       0x20 build/OLED_Fonts.o
 .debug_frame   0x00000000000008dc      0x2e4 build/gd32f30x_dma.o
 .debug_frame   0x0000000000000bc0      0x170 build/gd32f30x_gpio.o
 .debug_frame   0x0000000000000d30       0x8c build/gd32f30x_misc.o
 .debug_frame   0x0000000000000dbc      0x2a4 build/gd32f30x_rcu.o
 .debug_frame   0x0000000000001060      0x2b4 build/gd32f30x_spi.o
 .debug_frame   0x0000000000001314      0x4e4 build/gd32f30x_timer.o
 .debug_frame   0x00000000000017f8      0x35c build/gd32f30x_usart.o
 .debug_frame   0x0000000000001b54       0x64 build/system_gd32f30x.o
 .debug_frame   0x0000000000001bb8       0x2c /home/arashamf/soft/ARM_toolchains/gcc-arm-none-eabi-10.3-2021.10/bin/../lib/gcc/arm-none-eabi/10.3.1/../../../../arm-none-eabi/lib/thumb/v7e-m/nofp/libc_nano.a(lib_a-init.o)
 .debug_frame   0x0000000000001be4       0x20 /home/arashamf/soft/ARM_toolchains/gcc-arm-none-eabi-10.3-2021.10/bin/../lib/gcc/arm-none-eabi/10.3.1/../../../../arm-none-eabi/lib/thumb/v7e-m/nofp/libc_nano.a(lib_a-memset.o)
 .debug_frame   0x0000000000001c04       0x94 /home/arashamf/soft/ARM_toolchains/gcc-arm-none-eabi-10.3-2021.10/bin/../lib/gcc/arm-none-eabi/10.3.1/../../../../arm-none-eabi/lib/thumb/v7e-m/nofp/libc_nano.a(lib_a-nano-vfprintf_float.o)